Archive member included to satisfy reference by file (symbol)

c:/tools/gnu_mcu_eclipse/arm_embedded_gcc/8.2.1-1.4-20190214-0604/bin/../lib/gcc/arm-none-eabi/8.2.1/../../../../arm-none-eabi/lib/thumb/v7e-m+fp/hard\libc_nano.a(lib_a-ctype_.o)
                              _build/nrf52832_xxaa/nrf_log_str_formatter.c.o (_ctype_)
c:/tools/gnu_mcu_eclipse/arm_embedded_gcc/8.2.1-1.4-20190214-0604/bin/../lib/gcc/arm-none-eabi/8.2.1/../../../../arm-none-eabi/lib/thumb/v7e-m+fp/hard\libc_nano.a(lib_a-exit.o)
                              c:/tools/gnu_mcu_eclipse/arm_embedded_gcc/8.2.1-1.4-20190214-0604/bin/../lib/gcc/arm-none-eabi/8.2.1/../../../../arm-none-eabi/lib/thumb/v7e-m+fp/hard/crt0.o (exit)
c:/tools/gnu_mcu_eclipse/arm_embedded_gcc/8.2.1-1.4-20190214-0604/bin/../lib/gcc/arm-none-eabi/8.2.1/../../../../arm-none-eabi/lib/thumb/v7e-m+fp/hard\libc_nano.a(lib_a-impure.o)
                              c:/tools/gnu_mcu_eclipse/arm_embedded_gcc/8.2.1-1.4-20190214-0604/bin/../lib/gcc/arm-none-eabi/8.2.1/../../../../arm-none-eabi/lib/thumb/v7e-m+fp/hard\libc_nano.a(lib_a-exit.o) (_global_impure_ptr)
c:/tools/gnu_mcu_eclipse/arm_embedded_gcc/8.2.1-1.4-20190214-0604/bin/../lib/gcc/arm-none-eabi/8.2.1/../../../../arm-none-eabi/lib/thumb/v7e-m+fp/hard\libc_nano.a(lib_a-init.o)
                              c:/tools/gnu_mcu_eclipse/arm_embedded_gcc/8.2.1-1.4-20190214-0604/bin/../lib/gcc/arm-none-eabi/8.2.1/../../../../arm-none-eabi/lib/thumb/v7e-m+fp/hard/crt0.o (__libc_init_array)
c:/tools/gnu_mcu_eclipse/arm_embedded_gcc/8.2.1-1.4-20190214-0604/bin/../lib/gcc/arm-none-eabi/8.2.1/../../../../arm-none-eabi/lib/thumb/v7e-m+fp/hard\libc_nano.a(lib_a-memcpy-stub.o)
                              _build/nrf52832_xxaa/nrf_log_frontend.c.o (memcpy)
c:/tools/gnu_mcu_eclipse/arm_embedded_gcc/8.2.1-1.4-20190214-0604/bin/../lib/gcc/arm-none-eabi/8.2.1/../../../../arm-none-eabi/lib/thumb/v7e-m+fp/hard\libc_nano.a(lib_a-memset.o)
                              c:/tools/gnu_mcu_eclipse/arm_embedded_gcc/8.2.1-1.4-20190214-0604/bin/../lib/gcc/arm-none-eabi/8.2.1/../../../../arm-none-eabi/lib/thumb/v7e-m+fp/hard/crt0.o (memset)
c:/tools/gnu_mcu_eclipse/arm_embedded_gcc/8.2.1-1.4-20190214-0604/bin/../lib/gcc/arm-none-eabi/8.2.1/../../../../arm-none-eabi/lib/thumb/v7e-m+fp/hard\libc_nano.a(lib_a-strcpy.o)
                              _build/nrf52832_xxaa/SEGGER_RTT.c.o (strcpy)
c:/tools/gnu_mcu_eclipse/arm_embedded_gcc/8.2.1-1.4-20190214-0604/bin/../lib/gcc/arm-none-eabi/8.2.1/../../../../arm-none-eabi/lib/thumb/v7e-m+fp/hard\libc_nano.a(lib_a-strlen.o)
                              _build/nrf52832_xxaa/nrf_log_frontend.c.o (strlen)
c:/tools/gnu_mcu_eclipse/arm_embedded_gcc/8.2.1-1.4-20190214-0604/bin/../lib/gcc/arm-none-eabi/8.2.1/../../../../arm-none-eabi/lib/thumb/v7e-m+fp/hard\libnosys.a(_exit.o)
                              c:/tools/gnu_mcu_eclipse/arm_embedded_gcc/8.2.1-1.4-20190214-0604/bin/../lib/gcc/arm-none-eabi/8.2.1/../../../../arm-none-eabi/lib/thumb/v7e-m+fp/hard\libc_nano.a(lib_a-exit.o) (_exit)

Allocating common symbols
Common symbol       size              file

nrf_drv_uart_use_easy_dma
                    0x1               _build/nrf52832_xxaa/nrf_drv_uart.c.o
_SEGGER_RTT         0x78              _build/nrf52832_xxaa/SEGGER_RTT.c.o

Discarded input sections

 .text          0x0000000000000000        0x0 c:/tools/gnu_mcu_eclipse/arm_embedded_gcc/8.2.1-1.4-20190214-0604/bin/../lib/gcc/arm-none-eabi/8.2.1/thumb/v7e-m+fp/hard/crti.o
 .data          0x0000000000000000        0x0 c:/tools/gnu_mcu_eclipse/arm_embedded_gcc/8.2.1-1.4-20190214-0604/bin/../lib/gcc/arm-none-eabi/8.2.1/thumb/v7e-m+fp/hard/crti.o
 .bss           0x0000000000000000        0x0 c:/tools/gnu_mcu_eclipse/arm_embedded_gcc/8.2.1-1.4-20190214-0604/bin/../lib/gcc/arm-none-eabi/8.2.1/thumb/v7e-m+fp/hard/crti.o
 .text          0x0000000000000000        0x0 c:/tools/gnu_mcu_eclipse/arm_embedded_gcc/8.2.1-1.4-20190214-0604/bin/../lib/gcc/arm-none-eabi/8.2.1/thumb/v7e-m+fp/hard/crtbegin.o
 .data          0x0000000000000000        0x0 c:/tools/gnu_mcu_eclipse/arm_embedded_gcc/8.2.1-1.4-20190214-0604/bin/../lib/gcc/arm-none-eabi/8.2.1/thumb/v7e-m+fp/hard/crtbegin.o
 .bss           0x0000000000000000        0x0 c:/tools/gnu_mcu_eclipse/arm_embedded_gcc/8.2.1-1.4-20190214-0604/bin/../lib/gcc/arm-none-eabi/8.2.1/thumb/v7e-m+fp/hard/crtbegin.o
 .data.__dso_handle
                0x0000000000000000        0x4 c:/tools/gnu_mcu_eclipse/arm_embedded_gcc/8.2.1-1.4-20190214-0604/bin/../lib/gcc/arm-none-eabi/8.2.1/thumb/v7e-m+fp/hard/crtbegin.o
 .data          0x0000000000000000        0x0 c:/tools/gnu_mcu_eclipse/arm_embedded_gcc/8.2.1-1.4-20190214-0604/bin/../lib/gcc/arm-none-eabi/8.2.1/../../../../arm-none-eabi/lib/thumb/v7e-m+fp/hard/crt0.o
 .bss           0x0000000000000000        0x0 c:/tools/gnu_mcu_eclipse/arm_embedded_gcc/8.2.1-1.4-20190214-0604/bin/../lib/gcc/arm-none-eabi/8.2.1/../../../../arm-none-eabi/lib/thumb/v7e-m+fp/hard/crt0.o
[...]
Memory Configuration

Name             Origin             Length             Attributes
FLASH            0x0000000000000000 0x0000000000080000 xr
RAM              0x0000000020000000 0x0000000000010000 xrw
*default*        0x0000000000000000 0xffffffffffffffff

Linker script and memory map


.text           0x0000000000000000     0x4a3c
 *(.isr_vector)
 .isr_vector    0x0000000000000000      0x200 _build/nrf52832_xxaa/gcc_startup_nrf52.S.o
                0x0000000000000000                __isr_vector
 *(.text*)
 .text.deregister_tm_clones
                0x0000000000000200       0x1c c:/tools/gnu_mcu_eclipse/arm_embedded_gcc/8.2.1-1.4-20190214-0604/bin/../lib/gcc/arm-none-eabi/8.2.1/thumb/v7e-m+fp/hard/crtbegin.o
 .text.register_tm_clones
                0x000000000000021c       0x24 c:/tools/gnu_mcu_eclipse/arm_embedded_gcc/8.2.1-1.4-20190214-0604/bin/../lib/gcc/arm-none-eabi/8.2.1/thumb/v7e-m+fp/hard/crtbegin.o
 .text.__do_global_dtors_aux
                0x0000000000000240       0x28 c:/tools/gnu_mcu_eclipse/arm_embedded_gcc/8.2.1-1.4-20190214-0604/bin/../lib/gcc/arm-none-eabi/8.2.1/thumb/v7e-m+fp/hard/crtbegin.o
 .text.frame_dummy
                0x0000000000000268       0x24 c:/tools/gnu_mcu_eclipse/arm_embedded_gcc/8.2.1-1.4-20190214-0604/bin/../lib/gcc/arm-none-eabi/8.2.1/thumb/v7e-m+fp/hard/crtbegin.o
 .text          0x000000000000028c       0x74 c:/tools/gnu_mcu_eclipse/arm_embedded_gcc/8.2.1-1.4-20190214-0604/bin/../lib/gcc/arm-none-eabi/8.2.1/../../../../arm-none-eabi/lib/thumb/v7e-m+fp/hard/crt0.o
                0x000000000000028c                _start
                0x000000000000028c                _mainCRTStartup
 .text          0x0000000000000300       0x3c _build/nrf52832_xxaa/gcc_startup_nrf52.S.o
                0x0000000000000300                Reset_Handler
                0x0000000000000328                NMI_Handler
                0x000000000000032a                HardFault_Handler
                0x000000000000032c                MemoryManagement_Handler
                0x000000000000032e                BusFault_Handler
                0x0000000000000330                UsageFault_Handler
                0x0000000000000332                SVC_Handler
                0x0000000000000334                DebugMon_Handler
                0x0000000000000336                PendSV_Handler
                0x0000000000000338                SysTick_Handler
                0x000000000000033a                SWI0_EGU0_IRQHandler
                0x000000000000033a                POWER_CLOCK_IRQHandler
                0x000000000000033a                RADIO_IRQHandler
                0x000000000000033a                PWM1_IRQHandler
                0x000000000000033a                TEMP_IRQHandler
                0x000000000000033a                QDEC_IRQHandler
                0x000000000000033a                TIMER3_IRQHandler
                0x000000000000033a                FPU_IRQHandler
                0x000000000000033a                PDM_IRQHandler
                0x000000000000033a                TIMER4_IRQHandler
                0x000000000000033a                I2S_IRQHandler
                0x000000000000033a                RTC0_IRQHandler
                0x000000000000033a                TIMER0_IRQHandler
                0x000000000000033a                SWI2_EGU2_IRQHandler
                0x000000000000033a                TIMER1_IRQHandler
                0x000000000000033a                PWM2_IRQHandler
                0x000000000000033a                ECB_IRQHandler
                0x000000000000033a                Default_Handler
                0x000000000000033a                SAADC_IRQHandler
                0x000000000000033a                CCM_AAR_IRQHandler
                0x000000000000033a                WDT_IRQHandler
                0x000000000000033a                GPIOTE_IRQHandler
                0x000000000000033a                SWI5_EGU5_IRQHandler
                0x000000000000033a                RNG_IRQHandler
                0x000000000000033a                RTC2_IRQHandler
                0x000000000000033a                PWM0_IRQHandler
                0x000000000000033a                SWI3_EGU3_IRQHandler
                0x000000000000033a                RTC1_IRQHandler
                0x000000000000033a                SWI1_EGU1_IRQHandler
                0x000000000000033a                SPIM2_SPIS2_SPI2_IRQHandler
                0x000000000000033a                NFCT_IRQHandler
                0x000000000000033a                SWI4_EGU4_IRQHandler
                0x000000000000033a                MWU_IRQHandler
                0x000000000000033a                TIMER2_IRQHandler
                0x000000000000033a                COMP_LPCOMP_IRQHandler
 .text.nrf_log_backend_serial_put
                0x000000000000033c       0xd4 _build/nrf52832_xxaa/nrf_log_backend_serial.c.o
                0x000000000000033c                nrf_log_backend_serial_put
 .text.uart_evt_handler
                0x0000000000000410        0xc _build/nrf52832_xxaa/nrf_log_backend_uart.c.o
 .text.nrf_log_backend_uart_flush
                0x000000000000041c        0x4 _build/nrf52832_xxaa/nrf_log_backend_uart.c.o
 .text.nrf_log_backend_uart_put
                0x0000000000000420       0x20 _build/nrf52832_xxaa/nrf_log_backend_uart.c.o
 .text.serial_tx
                0x0000000000000440       0x4c _build/nrf52832_xxaa/nrf_log_backend_uart.c.o
 .text.nrf_log_backend_uart_panic_set
                0x000000000000048c       0x64 _build/nrf52832_xxaa/nrf_log_backend_uart.c.o
 .text.nrf_log_backend_uart_init
                0x00000000000004f0       0x4c _build/nrf52832_xxaa/nrf_log_backend_uart.c.o
                0x00000000000004f0                nrf_log_backend_uart_init
 .text.nrf_log_default_backends_init
                0x000000000000053c       0x20 _build/nrf52832_xxaa/nrf_log_default_backends.c.o
                0x000000000000053c                nrf_log_default_backends_init
 .text.nrf_log_init
                0x000000000000055c       0x40 _build/nrf52832_xxaa/nrf_log_frontend.c.o
                0x000000000000055c                nrf_log_init
 .text.nrf_log_module_name_get
                0x000000000000059c       0x58 _build/nrf52832_xxaa/nrf_log_frontend.c.o
                0x000000000000059c                nrf_log_module_name_get
 .text.nrf_log_color_id_get
                0x00000000000005f4       0x2c _build/nrf52832_xxaa/nrf_log_frontend.c.o
                0x00000000000005f4                nrf_log_color_id_get
 .text.nrf_log_frontend_dequeue
                0x0000000000000620      0x41c _build/nrf52832_xxaa/nrf_log_frontend.c.o
                0x0000000000000620                nrf_log_frontend_dequeue
 .text.nrf_log_frontend_std_0
                0x0000000000000a3c      0x1a8 _build/nrf52832_xxaa/nrf_log_frontend.c.o
                0x0000000000000a3c                nrf_log_frontend_std_0
 .text.nrf_log_frontend_std_1
                0x0000000000000be4      0x1b4 _build/nrf52832_xxaa/nrf_log_frontend.c.o
                0x0000000000000be4                nrf_log_frontend_std_1
 .text.nrf_log_frontend_std_2
                0x0000000000000d98      0x1c4 _build/nrf52832_xxaa/nrf_log_frontend.c.o
                0x0000000000000d98                nrf_log_frontend_std_2
 .text.nrf_log_backend_add
                0x0000000000000f5c       0x74 _build/nrf52832_xxaa/nrf_log_frontend.c.o
                0x0000000000000f5c                nrf_log_backend_add
 .text.nrf_log_panic
                0x0000000000000fd0       0x2c _build/nrf52832_xxaa/nrf_log_frontend.c.o
                0x0000000000000fd0                nrf_log_panic
 .text.prefix_process
                0x0000000000000ffc       0x80 _build/nrf52832_xxaa/nrf_log_str_formatter.c.o
 .text.nrf_log_std_entry_process
                0x000000000000107c       0xec _build/nrf52832_xxaa/nrf_log_str_formatter.c.o
                0x000000000000107c                nrf_log_std_entry_process
 .text.nrf_log_hexdump_entry_process
                0x0000000000001168       0xfc _build/nrf52832_xxaa/nrf_log_str_formatter.c.o
                0x0000000000001168                nrf_log_hexdump_entry_process
 .text.app_error_handler_bare
                0x0000000000001264       0x20 _build/nrf52832_xxaa/app_error.c.o
                0x0000000000001264                app_error_handler_bare
 .text.app_error_fault_handler
                0x0000000000001284       0x70 _build/nrf52832_xxaa/app_error_weak.c.o
                0x0000000000001284                app_error_fault_handler
 .text.app_util_critical_region_enter
                0x00000000000012f4       0x10 _build/nrf52832_xxaa/app_util_platform.c.o
                0x00000000000012f4                app_util_critical_region_enter
 .text.app_util_critical_region_exit
                0x0000000000001304       0x14 _build/nrf52832_xxaa/app_util_platform.c.o
                0x0000000000001304                app_util_critical_region_exit
 .text.nrf_atomic_u32_fetch_store
                0x0000000000001318       0x14 _build/nrf52832_xxaa/nrf_atomic.c.o
                0x0000000000001318                nrf_atomic_u32_fetch_store
 .text.nrf_atomic_u32_add
                0x000000000000132c       0x18 _build/nrf52832_xxaa/nrf_atomic.c.o
                0x000000000000132c                nrf_atomic_u32_add
 .text.nrf_atomic_u32_sub
                0x0000000000001344       0x18 _build/nrf52832_xxaa/nrf_atomic.c.o
                0x0000000000001344                nrf_atomic_u32_sub
 .text.nrf_atomic_flag_set
                0x000000000000135c       0x18 _build/nrf52832_xxaa/nrf_atomic.c.o
                0x000000000000135c                nrf_atomic_flag_set
 .text.nrf_atomic_flag_clear_fetch
                0x0000000000001374       0x18 _build/nrf52832_xxaa/nrf_atomic.c.o
                0x0000000000001374                nrf_atomic_flag_clear_fetch
 .text.nrf_balloc_init
                0x000000000000138c       0x38 _build/nrf52832_xxaa/nrf_balloc.c.o
                0x000000000000138c                nrf_balloc_init
 .text.nrf_balloc_alloc
                0x00000000000013c4       0x4c _build/nrf52832_xxaa/nrf_balloc.c.o
                0x00000000000013c4                nrf_balloc_alloc
 .text.nrf_balloc_free
                0x0000000000001410       0x2c _build/nrf52832_xxaa/nrf_balloc.c.o
                0x0000000000001410                nrf_balloc_free
 .text.nrf_fprintf_buffer_flush
                0x000000000000143c       0x18 _build/nrf52832_xxaa/nrf_fprintf.c.o
                0x000000000000143c                nrf_fprintf_buffer_flush
 .text.nrf_fprintf
                0x0000000000001454       0x20 _build/nrf52832_xxaa/nrf_fprintf.c.o
                0x0000000000001454                nrf_fprintf
 .text.unsigned_print
                0x0000000000001474      0x158 _build/nrf52832_xxaa/nrf_fprintf_format.c.o
 .text.nrf_fprintf_fmt
                0x00000000000015cc      0x73c _build/nrf52832_xxaa/nrf_fprintf_format.c.o
                0x00000000000015cc                nrf_fprintf_fmt
 .text.nrf_memobj_pool_init
                0x0000000000001d08        0x4 _build/nrf52832_xxaa/nrf_memobj.c.o
                0x0000000000001d08                nrf_memobj_pool_init
 .text.nrf_memobj_alloc
                0x0000000000001d0c       0x98 _build/nrf52832_xxaa/nrf_memobj.c.o
                0x0000000000001d0c                nrf_memobj_alloc
 .text.nrf_memobj_get
                0x0000000000001da4        0x8 _build/nrf52832_xxaa/nrf_memobj.c.o
                0x0000000000001da4                nrf_memobj_get
 .text.nrf_memobj_put
                0x0000000000001dac       0x58 _build/nrf52832_xxaa/nrf_memobj.c.o
                0x0000000000001dac                nrf_memobj_put
 .text.nrf_memobj_write
                0x0000000000001e04       0x68 _build/nrf52832_xxaa/nrf_memobj.c.o
                0x0000000000001e04                nrf_memobj_write
 .text.nrf_memobj_read
                0x0000000000001e6c       0x68 _build/nrf52832_xxaa/nrf_memobj.c.o
                0x0000000000001e6c                nrf_memobj_read
 .text.nrf_ringbuf_init
                0x0000000000001ed4       0x1c _build/nrf52832_xxaa/nrf_ringbuf.c.o
                0x0000000000001ed4                nrf_ringbuf_init
 .text.twim_evt_handler
                0x0000000000001ef0       0x40 _build/nrf52832_xxaa/nrf_drv_twi.c.o
 .text.nrf_drv_twi_init
                0x0000000000001f30      0x104 _build/nrf52832_xxaa/nrf_drv_twi.c.o
                0x0000000000001f30                nrf_drv_twi_init
 .text.uarte_evt_handler
                0x0000000000002034       0x34 _build/nrf52832_xxaa/nrf_drv_uart.c.o
 .text.uart_evt_handler
                0x0000000000002068       0x34 _build/nrf52832_xxaa/nrf_drv_uart.c.o
 .text.nrf_drv_uart_init
                0x000000000000209c       0x80 _build/nrf52832_xxaa/nrf_drv_uart.c.o
                0x000000000000209c                nrf_drv_uart_init
 .text.UARTE0_UART0_IRQHandler
                0x000000000000211c        0xc _build/nrf52832_xxaa/nrfx_prs.c.o
                0x000000000000211c                UARTE0_UART0_IRQHandler
 .text.nrfx_prs_acquire
                0x0000000000002128       0x3c _build/nrf52832_xxaa/nrfx_prs.c.o
                0x0000000000002128                nrfx_prs_acquire
 .text.nrfx_prs_release
                0x0000000000002164       0x18 _build/nrf52832_xxaa/nrfx_prs.c.o
                0x0000000000002164                nrfx_prs_release
 .text.SPIM1_SPIS1_TWIM1_TWIS1_SPI1_TWI1_IRQHandler
                0x000000000000217c      0x18c _build/nrf52832_xxaa/nrfx_twim.c.o
                0x000000000000217c                SPIM1_SPIS1_TWIM1_TWIS1_SPI1_TWI1_IRQHandler
 .text.SPIM0_SPIS0_TWIM0_TWIS0_SPI0_TWI0_IRQHandler
                0x0000000000002308      0x17c _build/nrf52832_xxaa/nrfx_twim.c.o
                0x0000000000002308                SPIM0_SPIS0_TWIM0_TWIS0_SPI0_TWI0_IRQHandler
 .text.nrfx_twim_init
                0x0000000000002484       0xf4 _build/nrf52832_xxaa/nrfx_twim.c.o
                0x0000000000002484                nrfx_twim_init
 .text.nrfx_twim_enable
                0x0000000000002578       0x20 _build/nrf52832_xxaa/nrfx_twim.c.o
                0x0000000000002578                nrfx_twim_enable
 .text.nrfx_twim_tx
                0x0000000000002598      0x180 _build/nrf52832_xxaa/nrfx_twim.c.o
                0x0000000000002598                nrfx_twim_tx
 .text.nrfx_twim_rx
                0x0000000000002718      0x154 _build/nrf52832_xxaa/nrfx_twim.c.o
                0x0000000000002718                nrfx_twim_rx
 .text.nrfx_uart_0_irq_handler
                0x000000000000286c      0x1c0 _build/nrf52832_xxaa/nrfx_uart.c.o
                0x000000000000286c                nrfx_uart_0_irq_handler
 .text.nrfx_uart_init
                0x0000000000002a2c      0x194 _build/nrf52832_xxaa/nrfx_uart.c.o
                0x0000000000002a2c                nrfx_uart_init
 .text.nrfx_uart_uninit
                0x0000000000002bc0       0xcc _build/nrf52832_xxaa/nrfx_uart.c.o
                0x0000000000002bc0                nrfx_uart_uninit
 .text.nrfx_uart_tx
                0x0000000000002c8c       0xcc _build/nrf52832_xxaa/nrfx_uart.c.o
                0x0000000000002c8c                nrfx_uart_tx
 .text.nrfx_uarte_0_irq_handler
                0x0000000000002d58      0x124 _build/nrf52832_xxaa/nrfx_uarte.c.o
                0x0000000000002d58                nrfx_uarte_0_irq_handler
 .text.nrfx_uarte_init
                0x0000000000002e7c      0x1b8 _build/nrf52832_xxaa/nrfx_uarte.c.o
                0x0000000000002e7c                nrfx_uarte_init
 .text.nrfx_uarte_uninit
                0x0000000000003034       0xd0 _build/nrf52832_xxaa/nrfx_uarte.c.o
                0x0000000000003034                nrfx_uarte_uninit
 .text.nrfx_uarte_tx
                0x0000000000003104       0xa4 _build/nrf52832_xxaa/nrfx_uarte.c.o
                0x0000000000003104                nrfx_uarte_tx
 .text.twi_init
                0x00000000000031a8       0x44 _build/nrf52832_xxaa/main.c.o
                0x00000000000031a8                twi_init
 .text.startup.main
                0x00000000000031ec      0x240 _build/nrf52832_xxaa/main.c.o
                0x00000000000031ec                main
 .text.SystemInit
                0x000000000000342c      0x3b4 _build/nrf52832_xxaa/system_nrf52.c.o
                0x000000000000342c                SystemInit
 .text.sgp30_init
                0x00000000000037e0        0xc _build/nrf52832_xxaa/sensirion_hw_i2c_implementation.c.o
                0x00000000000037e0                sgp30_init
 .text.sensirion_i2c_init
                0x00000000000037ec        0x4 _build/nrf52832_xxaa/sensirion_hw_i2c_implementation.c.o
                0x00000000000037ec                sensirion_i2c_init
 .text.sensirion_i2c_read
                0x00000000000037f0       0x1c _build/nrf52832_xxaa/sensirion_hw_i2c_implementation.c.o
                0x00000000000037f0                sensirion_i2c_read
 .text.sensirion_i2c_write
                0x000000000000380c       0x24 _build/nrf52832_xxaa/sensirion_hw_i2c_implementation.c.o
                0x000000000000380c                sensirion_i2c_write
 .text.sensirion_sleep_usec
                0x0000000000003830       0x14 _build/nrf52832_xxaa/sensirion_hw_i2c_implementation.c.o
                0x0000000000003830                sensirion_sleep_usec
 .text.sensirion_i2c_read_bytes
                0x0000000000003844      0x27c _build/nrf52832_xxaa/sensirion_common.c.o
                0x0000000000003844                sensirion_i2c_read_bytes
 .text.sensirion_i2c_read_words
                0x0000000000003ac0      0x2a8 _build/nrf52832_xxaa/sensirion_common.c.o
                0x0000000000003ac0                sensirion_i2c_read_words
 .text.sensirion_i2c_write_cmd
                0x0000000000003d68       0x18 _build/nrf52832_xxaa/sensirion_common.c.o
                0x0000000000003d68                sensirion_i2c_write_cmd
 .text.sensirion_i2c_delayed_read_cmd
                0x0000000000003d80       0x64 _build/nrf52832_xxaa/sensirion_common.c.o
                0x0000000000003d80                sensirion_i2c_delayed_read_cmd
 .text.read_measurement
                0x0000000000003de4       0xcc _build/nrf52832_xxaa/sgp30.c.o
 .text.sgp30_measure_iaq_blocking_read
                0x0000000000003eb0       0x84 _build/nrf52832_xxaa/sgp30.c.o
                0x0000000000003eb0                sgp30_measure_iaq_blocking_read
 .text.sgp30_measure_raw_blocking_read
                0x0000000000003f34       0x90 _build/nrf52832_xxaa/sgp30.c.o
                0x0000000000003f34                sgp30_measure_raw_blocking_read
 .text.sgp30_get_iaq_baseline
                0x0000000000003fc4       0x74 _build/nrf52832_xxaa/sgp30.c.o
                0x0000000000003fc4                sgp30_get_iaq_baseline
 .text.sgp30_get_driver_version
                0x0000000000004038        0xc _build/nrf52832_xxaa/sgp30.c.o
                0x0000000000004038                sgp30_get_driver_version
 .text.sgp30_get_feature_set_version
                0x0000000000004044       0x14 _build/nrf52832_xxaa/sgp30.c.o
                0x0000000000004044                sgp30_get_feature_set_version
 .text.sgp30_get_serial_id
                0x0000000000004058       0x14 _build/nrf52832_xxaa/sgp30.c.o
                0x0000000000004058                sgp30_get_serial_id
 .text.sgp30_iaq_init
                0x000000000000406c       0x60 _build/nrf52832_xxaa/sgp30.c.o
                0x000000000000406c                sgp30_iaq_init
 .text.sgp30_probe
                0x00000000000040cc      0x150 _build/nrf52832_xxaa/sgp30.c.o
                0x00000000000040cc                sgp30_probe
 .text.exit     0x000000000000421c       0x28 c:/tools/gnu_mcu_eclipse/arm_embedded_gcc/8.2.1-1.4-20190214-0604/bin/../lib/gcc/arm-none-eabi/8.2.1/../../../../arm-none-eabi/lib/thumb/v7e-m+fp/hard\libc_nano.a(lib_a-exit.o)
                0x000000000000421c                exit
 .text.__libc_init_array
                0x0000000000004244       0x48 c:/tools/gnu_mcu_eclipse/arm_embedded_gcc/8.2.1-1.4-20190214-0604/bin/../lib/gcc/arm-none-eabi/8.2.1/../../../../arm-none-eabi/lib/thumb/v7e-m+fp/hard\libc_nano.a(lib_a-init.o)
                0x0000000000004244                __libc_init_array
 .text.memcpy   0x000000000000428c       0x1c c:/tools/gnu_mcu_eclipse/arm_embedded_gcc/8.2.1-1.4-20190214-0604/bin/../lib/gcc/arm-none-eabi/8.2.1/../../../../arm-none-eabi/lib/thumb/v7e-m+fp/hard\libc_nano.a(lib_a-memcpy-stub.o)
                0x000000000000428c                memcpy
 .text.memset   0x00000000000042a8       0x10 c:/tools/gnu_mcu_eclipse/arm_embedded_gcc/8.2.1-1.4-20190214-0604/bin/../lib/gcc/arm-none-eabi/8.2.1/../../../../arm-none-eabi/lib/thumb/v7e-m+fp/hard\libc_nano.a(lib_a-memset.o)
                0x00000000000042a8                memset
 .text          0x00000000000042b8       0x10 c:/tools/gnu_mcu_eclipse/arm_embedded_gcc/8.2.1-1.4-20190214-0604/bin/../lib/gcc/arm-none-eabi/8.2.1/../../../../arm-none-eabi/lib/thumb/v7e-m+fp/hard\libc_nano.a(lib_a-strlen.o)
                0x00000000000042b8                strlen
 .text._exit    0x00000000000042c8        0x4 c:/tools/gnu_mcu_eclipse/arm_embedded_gcc/8.2.1-1.4-20190214-0604/bin/../lib/gcc/arm-none-eabi/8.2.1/../../../../arm-none-eabi/lib/thumb/v7e-m+fp/hard\libnosys.a(_exit.o)
                0x00000000000042c8                _exit
 *(.init)
 .init          0x00000000000042cc        0x4 c:/tools/gnu_mcu_eclipse/arm_embedded_gcc/8.2.1-1.4-20190214-0604/bin/../lib/gcc/arm-none-eabi/8.2.1/thumb/v7e-m+fp/hard/crti.o
                0x00000000000042cc                _init
 .init          0x00000000000042d0        0x8 c:/tools/gnu_mcu_eclipse/arm_embedded_gcc/8.2.1-1.4-20190214-0604/bin/../lib/gcc/arm-none-eabi/8.2.1/thumb/v7e-m+fp/hard/crtn.o
 *(.fini)
 .fini          0x00000000000042d8        0x4 c:/tools/gnu_mcu_eclipse/arm_embedded_gcc/8.2.1-1.4-20190214-0604/bin/../lib/gcc/arm-none-eabi/8.2.1/thumb/v7e-m+fp/hard/crti.o
                0x00000000000042d8                _fini
 .fini          0x00000000000042dc        0x8 c:/tools/gnu_mcu_eclipse/arm_embedded_gcc/8.2.1-1.4-20190214-0604/bin/../lib/gcc/arm-none-eabi/8.2.1/thumb/v7e-m+fp/hard/crtn.o
 *crtbegin.o(.ctors)
 *crtbegin?.o(.ctors)
 *(EXCLUDE_FILE(*crtend.o *crtend?.o) .ctors)
 *(SORT_BY_NAME(.ctors.*))
 *(.ctors)
 *crtbegin.o(.dtors)
 *crtbegin?.o(.dtors)
 *(EXCLUDE_FILE(*crtend.o *crtend?.o) .dtors)
 *(SORT_BY_NAME(.dtors.*))
 *(.dtors)
 *(.rodata*)
 .rodata        0x00000000000042e4       0x20 _build/nrf52832_xxaa/nrf_log_backend_uart.c.o
 .rodata.nrf_log_backend_uart_api
                0x0000000000004304        0xc _build/nrf52832_xxaa/nrf_log_backend_uart.c.o
                0x0000000000004304                nrf_log_backend_uart_api
 .rodata.str1.4
                0x0000000000004310       0x11 _build/nrf52832_xxaa/nrf_log_default_backends.c.o
 *fill*         0x0000000000004321        0x3 
 .rodata.m_log_push_ringbuf
                0x0000000000004324        0xc _build/nrf52832_xxaa/nrf_log_frontend.c.o
 .rodata.nrf_log_frontend_dequeue.str1.4
                0x0000000000004330       0x11 _build/nrf52832_xxaa/nrf_log_frontend.c.o
 *fill*         0x0000000000004341        0x3 
 .rodata.str1.4
                0x0000000000004344        0x4 _build/nrf52832_xxaa/nrf_log_frontend.c.o
 .rodata.m_colors
                0x0000000000004348       0x24 _build/nrf52832_xxaa/nrf_log_str_formatter.c.o
 .rodata.nrf_log_hexdump_entry_process.str1.4
                0x000000000000436c       0x13 _build/nrf52832_xxaa/nrf_log_str_formatter.c.o
                                         0x16 (size before relaxing)
 *fill*         0x000000000000437f        0x1 
 .rodata.nrf_log_std_entry_process.str1.4
                0x0000000000004380        0x3 _build/nrf52832_xxaa/nrf_log_str_formatter.c.o
 *fill*         0x0000000000004383        0x1 
 .rodata.prefix_process.str1.4
                0x0000000000004384       0x36 _build/nrf52832_xxaa/nrf_log_str_formatter.c.o
 *fill*         0x00000000000043ba        0x2 
 .rodata.severity_names
                0x00000000000043bc       0x14 _build/nrf52832_xxaa/nrf_log_str_formatter.c.o
 .rodata.str1.4
                0x00000000000043d0       0x56 _build/nrf52832_xxaa/nrf_log_str_formatter.c.o
 *fill*         0x0000000000004426        0x2 
 .rodata.app_error_fault_handler.str1.4
                0x0000000000004428       0x19 _build/nrf52832_xxaa/app_error_weak.c.o
 *fill*         0x0000000000004441        0x3 
 .rodata._aV2C.7474
                0x0000000000004444       0x10 _build/nrf52832_xxaa/nrf_fprintf_format.c.o
 *fill*         0x0000000000004454        0xc 
 .rodata.delay_machine_code.7987
                0x0000000000004460        0x6 _build/nrf52832_xxaa/nrf_drv_twi.c.o
 *fill*         0x0000000000004466        0x2 
 .rodata.str1.4
                0x0000000000004468        0x4 _build/nrf52832_xxaa/nrfx_prs.c.o
 .rodata.irq_handlers.8875
                0x000000000000446c        0x8 _build/nrf52832_xxaa/nrfx_twim.c.o
 .rodata.str1.4
                0x0000000000004474        0x5 _build/nrf52832_xxaa/nrfx_twim.c.o
 *fill*         0x0000000000004479        0x3 
 .rodata.str1.4
                0x000000000000447c        0x5 _build/nrf52832_xxaa/nrfx_uart.c.o
 *fill*         0x0000000000004481        0x3 
 .rodata.str1.4
                0x0000000000004484        0x6 _build/nrf52832_xxaa/nrfx_uarte.c.o
 *fill*         0x000000000000448a        0x6 
 .rodata.delay_machine_code.7987
                0x0000000000004490        0x6 _build/nrf52832_xxaa/main.c.o
 *fill*         0x0000000000004496        0x2 
 .rodata.m_twi  0x0000000000004498       0x10 _build/nrf52832_xxaa/main.c.o
 .rodata.main.str1.4
                0x00000000000044a8      0x1bd _build/nrf52832_xxaa/main.c.o
 *fill*         0x0000000000004665        0xb 
 .rodata.delay_machine_code.7987
                0x0000000000004670        0x6 _build/nrf52832_xxaa/sensirion_hw_i2c_implementation.c.o
 *fill*         0x0000000000004676        0x2 
 .rodata.BASELINE_WORD1
                0x0000000000004678       0x24 _build/nrf52832_xxaa/sgp30_featureset.c.o
 .rodata.BASELINE_WORD2
                0x000000000000469c       0x24 _build/nrf52832_xxaa/sgp30_featureset.c.o
 .rodata.CO2_EQ_PPM
                0x00000000000046c0       0x24 _build/nrf52832_xxaa/sgp30_featureset.c.o
 .rodata.ETHANOL_SIGNAL_FS9
                0x00000000000046e4       0x24 _build/nrf52832_xxaa/sgp30_featureset.c.o
 .rodata.H2_SIGNAL_FS9
                0x0000000000004708       0x24 _build/nrf52832_xxaa/sgp30_featureset.c.o
 .rodata.PROFILE_NUMBER_MEASURE_RAW_SIGNALS
                0x000000000000472c        0x1 _build/nrf52832_xxaa/sgp30_featureset.c.o
                0x000000000000472c                PROFILE_NUMBER_MEASURE_RAW_SIGNALS
 *fill*         0x000000000000472d        0x3 
 .rodata.SGP_PROFILE_IAQ_GET_BASELINE
                0x0000000000004730       0x30 _build/nrf52832_xxaa/sgp30_featureset.c.o
 .rodata.SGP_PROFILE_IAQ_GET_TVOC_INCEPTIVE_BASELINE
                0x0000000000004760       0x30 _build/nrf52832_xxaa/sgp30_featureset.c.o
 .rodata.SGP_PROFILE_IAQ_INIT
                0x0000000000004790       0x30 _build/nrf52832_xxaa/sgp30_featureset.c.o
 .rodata.SGP_PROFILE_IAQ_MEASURE9
                0x00000000000047c0       0x30 _build/nrf52832_xxaa/sgp30_featureset.c.o
 .rodata.SGP_PROFILE_IAQ_SET_BASELINE
                0x00000000000047f0       0x30 _build/nrf52832_xxaa/sgp30_featureset.c.o
 .rodata.SGP_PROFILE_IAQ_SET_TVOC_BASELINE
                0x0000000000004820       0x30 _build/nrf52832_xxaa/sgp30_featureset.c.o
 .rodata.SGP_PROFILE_MEASURE_SIGNALS9
                0x0000000000004850       0x30 _build/nrf52832_xxaa/sgp30_featureset.c.o
 .rodata.SGP_PROFILE_SET_ABSOLUTE_HUMIDITY
                0x0000000000004880       0x30 _build/nrf52832_xxaa/sgp30_featureset.c.o
 .rodata.TVOC_PPB_FS9
                0x00000000000048b0       0x24 _build/nrf52832_xxaa/sgp30_featureset.c.o
 .rodata.sgp_featureset32
                0x00000000000048d4       0x10 _build/nrf52832_xxaa/sgp30_featureset.c.o
 .rodata.sgp_featureset33
                0x00000000000048e4       0x10 _build/nrf52832_xxaa/sgp30_featureset.c.o
 .rodata.sgp_featureset9
                0x00000000000048f4       0x10 _build/nrf52832_xxaa/sgp30_featureset.c.o
 .rodata.sgp_supported_featuresets
                0x0000000000004904        0x8 _build/nrf52832_xxaa/sgp30_featureset.c.o
                0x0000000000004904                sgp_supported_featuresets
 .rodata.supported_featureset_versions_fs32
                0x000000000000490c        0x2 _build/nrf52832_xxaa/sgp30_featureset.c.o
 *fill*         0x000000000000490e        0x2 
 .rodata.supported_featureset_versions_fs33
                0x0000000000004910        0x2 _build/nrf52832_xxaa/sgp30_featureset.c.o
 *fill*         0x0000000000004912        0x2 
 .rodata.supported_featureset_versions_fs9
                0x0000000000004914        0x2 _build/nrf52832_xxaa/sgp30_featureset.c.o
 *fill*         0x0000000000004916        0x2 
 .rodata.str1.4
                0x0000000000004918        0x8 _build/nrf52832_xxaa/sgp_git_version.c.o
                                          0x6 (size before relaxing)
 .rodata.sgp30_features_unknown
                0x0000000000004920       0x10 _build/nrf52832_xxaa/sgp30.c.o
 .rodata._ctype_
                0x0000000000004930      0x101 c:/tools/gnu_mcu_eclipse/arm_embedded_gcc/8.2.1-1.4-20190214-0604/bin/../lib/gcc/arm-none-eabi/8.2.1/../../../../arm-none-eabi/lib/thumb/v7e-m+fp/hard\libc_nano.a(lib_a-ctype_.o)
                0x0000000000004930                _ctype_
 *fill*         0x0000000000004a31        0x3 
 .rodata._global_impure_ptr
                0x0000000000004a34        0x4 c:/tools/gnu_mcu_eclipse/arm_embedded_gcc/8.2.1-1.4-20190214-0604/bin/../lib/gcc/arm-none-eabi/8.2.1/../../../../arm-none-eabi/lib/thumb/v7e-m+fp/hard\libc_nano.a(lib_a-impure.o)
                0x0000000000004a34                _global_impure_ptr
 *(.eh_frame*)
 .eh_frame      0x0000000000004a38        0x0 c:/tools/gnu_mcu_eclipse/arm_embedded_gcc/8.2.1-1.4-20190214-0604/bin/../lib/gcc/arm-none-eabi/8.2.1/thumb/v7e-m+fp/hard/crtbegin.o
 .eh_frame      0x0000000000004a38        0x4 c:/tools/gnu_mcu_eclipse/arm_embedded_gcc/8.2.1-1.4-20190214-0604/bin/../lib/gcc/arm-none-eabi/8.2.1/thumb/v7e-m+fp/hard/crtend.o

.glue_7         0x0000000000004a3c        0x0
 .glue_7        0x0000000000004a3c        0x0 linker stubs

.glue_7t        0x0000000000004a3c        0x0
 .glue_7t       0x0000000000004a3c        0x0 linker stubs

.vfp11_veneer   0x0000000000004a3c        0x0
 .vfp11_veneer  0x0000000000004a3c        0x0 linker stubs

.v4_bx          0x0000000000004a3c        0x0
 .v4_bx         0x0000000000004a3c        0x0 linker stubs

.iplt           0x0000000000004a3c        0x0
 .iplt          0x0000000000004a3c        0x0 c:/tools/gnu_mcu_eclipse/arm_embedded_gcc/8.2.1-1.4-20190214-0604/bin/../lib/gcc/arm-none-eabi/8.2.1/thumb/v7e-m+fp/hard/crtbegin.o

.mem_section_dummy_rom

.log_const_data
                0x0000000000004a3c       0x28
                0x0000000000004a3c                PROVIDE (__start_log_const_data = .)
 *(SORT_BY_NAME(.log_const_data*))
 .log_const_data_PRS
                0x0000000000004a3c        0x8 _build/nrf52832_xxaa/nrfx_prs.c.o
                0x0000000000004a3c                m_nrf_log_PRS_logs_data_const
 .log_const_data_TWIM
                0x0000000000004a44        0x8 _build/nrf52832_xxaa/nrfx_twim.c.o
                0x0000000000004a44                m_nrf_log_TWIM_logs_data_const
 .log_const_data_UART
                0x0000000000004a4c        0x8 _build/nrf52832_xxaa/nrfx_uart.c.o
                0x0000000000004a4c                m_nrf_log_UART_logs_data_const
 .log_const_data_UARTE
                0x0000000000004a54        0x8 _build/nrf52832_xxaa/nrfx_uarte.c.o
                0x0000000000004a54                m_nrf_log_UARTE_logs_data_const
 .log_const_data_app
                0x0000000000004a5c        0x8 _build/nrf52832_xxaa/nrf_log_frontend.c.o
                0x0000000000004a5c                m_nrf_log_app_logs_data_const
                0x0000000000004a64                PROVIDE (__stop_log_const_data = .)

.log_backends   0x0000000000004a64       0x10
                [!provide]                        PROVIDE (__start_log_backends = .)
 *(SORT_BY_NAME(.log_backends*))
 .log_backends  0x0000000000004a64       0x10 _build/nrf52832_xxaa/nrf_log_default_backends.c.o
                [!provide]                        PROVIDE (__stop_log_backends = .)

.nrf_balloc     0x0000000000004a74       0x14
                [!provide]                        PROVIDE (__start_nrf_balloc = .)
 *(.nrf_balloc)
 .nrf_balloc    0x0000000000004a74       0x14 _build/nrf52832_xxaa/nrf_log_frontend.c.o
                0x0000000000004a74                log_mempool
                [!provide]                        PROVIDE (__stop_nrf_balloc = .)

.ARM.extab
 *(.ARM.extab* .gnu.linkonce.armextab.*)
                0x0000000000004a88                __exidx_start = .

.ARM.exidx      0x0000000000004a88        0x8
 *(.ARM.exidx* .gnu.linkonce.armexidx.*)
 .ARM.exidx     0x0000000000004a88        0x8 c:/tools/gnu_mcu_eclipse/arm_embedded_gcc/8.2.1-1.4-20190214-0604/bin/../lib/gcc/arm-none-eabi/8.2.1/../../../../arm-none-eabi/lib/thumb/v7e-m+fp/hard/crt0.o
                0x0000000000004a90                __exidx_end = .
                0x0000000000004a90                __etext = .

.rel.dyn        0x0000000000004a90        0x0
 .rel.iplt      0x0000000000004a90        0x0 c:/tools/gnu_mcu_eclipse/arm_embedded_gcc/8.2.1-1.4-20190214-0604/bin/../lib/gcc/arm-none-eabi/8.2.1/thumb/v7e-m+fp/hard/crtbegin.o

.data           0x0000000020000000      0x100 load address 0x0000000000004a90
                0x0000000020000000                __data_start__ = .
 *(vtable)
 *(.data*)
 .data.m_uart   0x0000000020000000       0x14 _build/nrf52832_xxaa/nrf_log_backend_uart.c.o
                0x0000000020000000                m_uart
 .data.log_backend_cb_uart_log_backend
                0x0000000020000014        0x8 _build/nrf52832_xxaa/nrf_log_default_backends.c.o
 .data.SystemCoreClock
                0x000000002000001c        0x4 _build/nrf52832_xxaa/system_nrf52.c.o
                0x000000002000001c                SystemCoreClock
 .data.SGP_PROFILE_IAQ_GET_BASELINE_SIGNALS
                0x0000000020000020        0x8 _build/nrf52832_xxaa/sgp30_featureset.c.o
 .data.SGP_PROFILE_IAQ_GET_TVOC_INCEPTIVE_BASELINE_SIGNALS
                0x0000000020000028        0x4 _build/nrf52832_xxaa/sgp30_featureset.c.o
 .data.SGP_PROFILE_IAQ_MEASURE_SIGNALS9
                0x000000002000002c        0x8 _build/nrf52832_xxaa/sgp30_featureset.c.o
 .data.SGP_PROFILE_MEASURE_SIGNALS_SIGNALS9
                0x0000000020000034        0x8 _build/nrf52832_xxaa/sgp30_featureset.c.o
 .data.featuresets
                0x000000002000003c        0xc _build/nrf52832_xxaa/sgp30_featureset.c.o
 .data.sgp_profiles32
                0x0000000020000048       0x18 _build/nrf52832_xxaa/sgp30_featureset.c.o
 .data.sgp_profiles33
                0x0000000020000060       0x20 _build/nrf52832_xxaa/sgp30_featureset.c.o
 .data.sgp_profiles9
                0x0000000020000080       0x14 _build/nrf52832_xxaa/sgp30_featureset.c.o
 .data.SGP_DRV_VERSION_STR
                0x0000000020000094        0x4 _build/nrf52832_xxaa/sgp_git_version.c.o
                0x0000000020000094                SGP_DRV_VERSION_STR
 .data.impure_data
                0x0000000020000098       0x60 c:/tools/gnu_mcu_eclipse/arm_embedded_gcc/8.2.1-1.4-20190214-0604/bin/../lib/gcc/arm-none-eabi/8.2.1/../../../../arm-none-eabi/lib/thumb/v7e-m+fp/hard\libc_nano.a(lib_a-impure.o)
                0x00000000200000f8                . = ALIGN (0x4)
                0x00000000200000f8                PROVIDE (__preinit_array_start = .)
 *(.preinit_array)
                0x00000000200000f8                PROVIDE (__preinit_array_end = .)
                0x00000000200000f8                . = ALIGN (0x4)
                0x00000000200000f8                PROVIDE (__init_array_start = .)
 *(SORT_BY_NAME(.init_array.*))
 *(.init_array)
 .init_array    0x00000000200000f8        0x4 c:/tools/gnu_mcu_eclipse/arm_embedded_gcc/8.2.1-1.4-20190214-0604/bin/../lib/gcc/arm-none-eabi/8.2.1/thumb/v7e-m+fp/hard/crtbegin.o
                0x00000000200000fc                PROVIDE (__init_array_end = .)
                0x00000000200000fc                . = ALIGN (0x4)
                [!provide]                        PROVIDE (__fini_array_start = .)
 *(SORT_BY_NAME(.fini_array.*))
 *(.fini_array)
 .fini_array    0x00000000200000fc        0x4 c:/tools/gnu_mcu_eclipse/arm_embedded_gcc/8.2.1-1.4-20190214-0604/bin/../lib/gcc/arm-none-eabi/8.2.1/thumb/v7e-m+fp/hard/crtbegin.o
                [!provide]                        PROVIDE (__fini_array_end = .)
 *(.jcr*)
                0x0000000020000100                . = ALIGN (0x4)
                0x0000000020000100                __data_end__ = .
LOAD c:/tools/gnu_mcu_eclipse/arm_embedded_gcc/8.2.1-1.4-20190214-0604/bin/../lib/gcc/arm-none-eabi/8.2.1/thumb/v7e-m+fp/hard/crti.o
LOAD c:/tools/gnu_mcu_eclipse/arm_embedded_gcc/8.2.1-1.4-20190214-0604/bin/../lib/gcc/arm-none-eabi/8.2.1/thumb/v7e-m+fp/hard/crtbegin.o
LOAD c:/tools/gnu_mcu_eclipse/arm_embedded_gcc/8.2.1-1.4-20190214-0604/bin/../lib/gcc/arm-none-eabi/8.2.1/../../../../arm-none-eabi/lib/thumb/v7e-m+fp/hard/crt0.o
LOAD _build/nrf52832_xxaa/gcc_startup_nrf52.S.o
LOAD _build/nrf52832_xxaa/nrf_log_backend_rtt.c.o
LOAD _build/nrf52832_xxaa/nrf_log_backend_serial.c.o
LOAD _build/nrf52832_xxaa/nrf_log_backend_uart.c.o
LOAD _build/nrf52832_xxaa/nrf_log_default_backends.c.o
LOAD _build/nrf52832_xxaa/nrf_log_frontend.c.o
LOAD _build/nrf52832_xxaa/nrf_log_str_formatter.c.o
LOAD _build/nrf52832_xxaa/boards.c.o
LOAD _build/nrf52832_xxaa/app_error.c.o
LOAD _build/nrf52832_xxaa/app_error_handler_gcc.c.o
LOAD _build/nrf52832_xxaa/app_error_weak.c.o
LOAD _build/nrf52832_xxaa/app_util_platform.c.o
LOAD _build/nrf52832_xxaa/nrf_assert.c.o
LOAD _build/nrf52832_xxaa/nrf_atomic.c.o
LOAD _build/nrf52832_xxaa/nrf_balloc.c.o
LOAD _build/nrf52832_xxaa/nrf_fprintf.c.o
LOAD _build/nrf52832_xxaa/nrf_fprintf_format.c.o
LOAD _build/nrf52832_xxaa/nrf_memobj.c.o
LOAD _build/nrf52832_xxaa/nrf_ringbuf.c.o
LOAD _build/nrf52832_xxaa/nrf_strerror.c.o
LOAD _build/nrf52832_xxaa/nrf_drv_twi.c.o
LOAD _build/nrf52832_xxaa/nrf_drv_uart.c.o
LOAD _build/nrf52832_xxaa/nrfx_atomic.c.o
LOAD _build/nrf52832_xxaa/nrfx_prs.c.o
LOAD _build/nrf52832_xxaa/nrfx_twi.c.o
LOAD _build/nrf52832_xxaa/nrfx_twim.c.o
LOAD _build/nrf52832_xxaa/nrfx_uart.c.o
LOAD _build/nrf52832_xxaa/nrfx_uarte.c.o
LOAD _build/nrf52832_xxaa/main.c.o
LOAD _build/nrf52832_xxaa/SEGGER_RTT.c.o
LOAD _build/nrf52832_xxaa/SEGGER_RTT_Syscalls_GCC.c.o
LOAD _build/nrf52832_xxaa/SEGGER_RTT_printf.c.o
LOAD _build/nrf52832_xxaa/system_nrf52.c.o
LOAD _build/nrf52832_xxaa/sensirion_hw_i2c_implementation.c.o
LOAD _build/nrf52832_xxaa/sensirion_common.c.o
LOAD _build/nrf52832_xxaa/sgp30_featureset.c.o
LOAD _build/nrf52832_xxaa/sgp_git_version.c.o
LOAD _build/nrf52832_xxaa/sgp30.c.o
LOAD c:/tools/gnu_mcu_eclipse/arm_embedded_gcc/8.2.1-1.4-20190214-0604/bin/../lib/gcc/arm-none-eabi/8.2.1/../../../../arm-none-eabi/lib/thumb/v7e-m+fp/hard\libc_nano.a
LOAD c:/tools/gnu_mcu_eclipse/arm_embedded_gcc/8.2.1-1.4-20190214-0604/bin/../lib/gcc/arm-none-eabi/8.2.1/../../../../arm-none-eabi/lib/thumb/v7e-m+fp/hard\libnosys.a
LOAD c:/tools/gnu_mcu_eclipse/arm_embedded_gcc/8.2.1-1.4-20190214-0604/bin/../lib/gcc/arm-none-eabi/8.2.1/../../../../arm-none-eabi/lib/thumb/v7e-m+fp/hard\libm.a
START GROUP
LOAD c:/tools/gnu_mcu_eclipse/arm_embedded_gcc/8.2.1-1.4-20190214-0604/bin/../lib/gcc/arm-none-eabi/8.2.1/thumb/v7e-m+fp/hard\libgcc.a
LOAD c:/tools/gnu_mcu_eclipse/arm_embedded_gcc/8.2.1-1.4-20190214-0604/bin/../lib/gcc/arm-none-eabi/8.2.1/../../../../arm-none-eabi/lib/thumb/v7e-m+fp/hard\libg_nano.a
LOAD c:/tools/gnu_mcu_eclipse/arm_embedded_gcc/8.2.1-1.4-20190214-0604/bin/../lib/gcc/arm-none-eabi/8.2.1/../../../../arm-none-eabi/lib/thumb/v7e-m+fp/hard\libc_nano.a
END GROUP
START GROUP
LOAD c:/tools/gnu_mcu_eclipse/arm_embedded_gcc/8.2.1-1.4-20190214-0604/bin/../lib/gcc/arm-none-eabi/8.2.1/thumb/v7e-m+fp/hard\libgcc.a
LOAD c:/tools/gnu_mcu_eclipse/arm_embedded_gcc/8.2.1-1.4-20190214-0604/bin/../lib/gcc/arm-none-eabi/8.2.1/../../../../arm-none-eabi/lib/thumb/v7e-m+fp/hard\libc_nano.a
END GROUP
LOAD c:/tools/gnu_mcu_eclipse/arm_embedded_gcc/8.2.1-1.4-20190214-0604/bin/../lib/gcc/arm-none-eabi/8.2.1/thumb/v7e-m+fp/hard/crtend.o
LOAD c:/tools/gnu_mcu_eclipse/arm_embedded_gcc/8.2.1-1.4-20190214-0604/bin/../lib/gcc/arm-none-eabi/8.2.1/thumb/v7e-m+fp/hard/crtn.o
START GROUP
LOAD c:/tools/gnu_mcu_eclipse/arm_embedded_gcc/8.2.1-1.4-20190214-0604/bin/../lib/gcc/arm-none-eabi/8.2.1/thumb/v7e-m+fp/hard\libgcc.a
LOAD c:/tools/gnu_mcu_eclipse/arm_embedded_gcc/8.2.1-1.4-20190214-0604/bin/../lib/gcc/arm-none-eabi/8.2.1/../../../../arm-none-eabi/lib/thumb/v7e-m+fp/hard\libc.a
LOAD c:/tools/gnu_mcu_eclipse/arm_embedded_gcc/8.2.1-1.4-20190214-0604/bin/../lib/gcc/arm-none-eabi/8.2.1/../../../../arm-none-eabi/lib/thumb/v7e-m+fp/hard\libnosys.a
END GROUP

.tm_clone_table
                0x0000000020000100        0x0 load address 0x0000000000004b90
 .tm_clone_table
                0x0000000020000100        0x0 c:/tools/gnu_mcu_eclipse/arm_embedded_gcc/8.2.1-1.4-20190214-0604/bin/../lib/gcc/arm-none-eabi/8.2.1/thumb/v7e-m+fp/hard/crtbegin.o
 .tm_clone_table
                0x0000000020000100        0x0 c:/tools/gnu_mcu_eclipse/arm_embedded_gcc/8.2.1-1.4-20190214-0604/bin/../lib/gcc/arm-none-eabi/8.2.1/thumb/v7e-m+fp/hard/crtend.o

.igot.plt       0x0000000020000100        0x0 load address 0x0000000000004b90
 .igot.plt      0x0000000020000100        0x0 c:/tools/gnu_mcu_eclipse/arm_embedded_gcc/8.2.1-1.4-20190214-0604/bin/../lib/gcc/arm-none-eabi/8.2.1/thumb/v7e-m+fp/hard/crtbegin.o
                0x0000000020000100                . = ALIGN (0x4)

.mem_section_dummy_ram

.log_dynamic_data
                0x0000000020000100        0x0
                0x0000000020000100                PROVIDE (__start_log_dynamic_data = .)
 *(SORT_BY_NAME(.log_dynamic_data*))
                [!provide]                        PROVIDE (__stop_log_dynamic_data = .)

.log_filter_data
                0x0000000020000100        0x0
                [!provide]                        PROVIDE (__start_log_filter_data = .)
 *(SORT_BY_NAME(.log_filter_data*))
                [!provide]                        PROVIDE (__stop_log_filter_data = .)

.bss            0x0000000020000100      0x714 load address 0x0000000000004b90
                0x0000000020000100                . = ALIGN (0x4)
                0x0000000020000100                __bss_start__ = .
 *(.bss*)
 .bss.completed.8014
                0x0000000020000100        0x1 c:/tools/gnu_mcu_eclipse/arm_embedded_gcc/8.2.1-1.4-20190214-0604/bin/../lib/gcc/arm-none-eabi/8.2.1/thumb/v7e-m+fp/hard/crtbegin.o
 *fill*         0x0000000020000101        0x3 
 .bss.object.8019
                0x0000000020000104       0x18 c:/tools/gnu_mcu_eclipse/arm_embedded_gcc/8.2.1-1.4-20190214-0604/bin/../lib/gcc/arm-none-eabi/8.2.1/thumb/v7e-m+fp/hard/crtbegin.o
 .bss.m_async_mode
                0x000000002000011c        0x1 _build/nrf52832_xxaa/nrf_log_backend_uart.c.o
 *fill*         0x000000002000011d        0x3 
 .bss.m_string_buff
                0x0000000020000120       0x40 _build/nrf52832_xxaa/nrf_log_backend_uart.c.o
 .bss.m_xfer_done
                0x0000000020000160        0x1 _build/nrf52832_xxaa/nrf_log_backend_uart.c.o
 *fill*         0x0000000020000161        0x3 
 .bss.log_mempool_nrf_balloc_cb
                0x0000000020000164        0x8 _build/nrf52832_xxaa/nrf_log_frontend.c.o
 .bss.log_mempool_nrf_balloc_pool_mem
                0x000000002000016c       0xc0 _build/nrf52832_xxaa/nrf_log_frontend.c.o
 .bss.log_mempool_nrf_balloc_pool_stack
                0x000000002000022c        0x8 _build/nrf52832_xxaa/nrf_log_frontend.c.o
 *fill*         0x0000000020000234        0x4 
 .bss.m_log_data
                0x0000000020000238      0x424 _build/nrf52832_xxaa/nrf_log_frontend.c.o
 .bss.m_log_push_ringbuf_buf
                0x000000002000065c       0x80 _build/nrf52832_xxaa/nrf_log_frontend.c.o
 .bss.m_log_push_ringbuf_cb
                0x00000000200006dc       0x18 _build/nrf52832_xxaa/nrf_log_frontend.c.o
 .bss.m_in_critical_region
                0x00000000200006f4        0x4 _build/nrf52832_xxaa/app_util_platform.c.o
 .bss.m_contexts
                0x00000000200006f8        0x8 _build/nrf52832_xxaa/nrf_drv_twi.c.o
 .bss.m_handlers
                0x0000000020000700        0x8 _build/nrf52832_xxaa/nrf_drv_twi.c.o
 .bss.m_contexts
                0x0000000020000708        0x4 _build/nrf52832_xxaa/nrf_drv_uart.c.o
 .bss.m_handlers
                0x000000002000070c        0x4 _build/nrf52832_xxaa/nrf_drv_uart.c.o
 .bss.m_prs_box_4
                0x0000000020000710        0x8 _build/nrf52832_xxaa/nrfx_prs.c.o
 .bss.m_cb      0x0000000020000718       0x68 _build/nrf52832_xxaa/nrfx_twim.c.o
 .bss.m_cb      0x0000000020000780       0x2c _build/nrf52832_xxaa/nrfx_uart.c.o
 *fill*         0x00000000200007ac        0x4 
 .bss.m_cb      0x00000000200007b0       0x24 _build/nrf52832_xxaa/nrfx_uarte.c.o
 .bss.i2c_instance
                0x00000000200007d4        0x4 _build/nrf52832_xxaa/sensirion_hw_i2c_implementation.c.o
 .bss.client_data
                0x00000000200007d8       0x38 _build/nrf52832_xxaa/sgp30.c.o
 *(COMMON)
 COMMON         0x0000000020000810        0x1 _build/nrf52832_xxaa/nrf_drv_uart.c.o
                0x0000000020000810                nrf_drv_uart_use_easy_dma
                0x0000000020000814                . = ALIGN (0x4)
 *fill*         0x0000000020000811        0x3 
                0x0000000020000814                __bss_end__ = .

.heap           0x0000000020000818     0x2000
                0x0000000020000818                __HeapBase = .
                0x0000000020000818                __end__ = .
                [!provide]                        PROVIDE (end = .)
 *(.heap*)
 .heap          0x0000000020000818     0x2000 _build/nrf52832_xxaa/gcc_startup_nrf52.S.o
                0x0000000020002818                __HeapLimit = .

.stack_dummy    0x0000000020000818     0x2000
 *(.stack*)
 .stack         0x0000000020000818     0x2000 _build/nrf52832_xxaa/gcc_startup_nrf52.S.o
                0x0000000020010000                __StackTop = (ORIGIN (RAM) + LENGTH (RAM))
                0x000000002000e000                __StackLimit = (__StackTop - SIZEOF (.stack_dummy))
                0x0000000020010000                PROVIDE (__stack = __StackTop)
                0x0000000000000001                ASSERT ((__StackLimit >= __HeapLimit), region RAM overflowed with stack)
                0x0000000000000100                DataInitFlashUsed = (__bss_start__ - __data_start__)
                0x0000000000004a90                CodeFlashUsed = (__etext - ORIGIN (FLASH))
                0x0000000000004b90                TotalFlashUsed = (CodeFlashUsed + DataInitFlashUsed)
                0x0000000000000001                ASSERT ((TotalFlashUsed <= LENGTH (FLASH)), region FLASH overflowed with .data and user data)
OUTPUT(_build/nrf52832_xxaa.out elf32-littlearm)

.ARM.attributes
                0x0000000000000000       0x30
 .ARM.attributes
                0x0000000000000000       0x1e c:/tools/gnu_mcu_eclipse/arm_embedded_gcc/8.2.1-1.4-20190214-0604/bin/../lib/gcc/arm-none-eabi/8.2.1/thumb/v7e-m+fp/hard/crti.o
 .ARM.attributes
                0x000000000000001e       0x34 c:/tools/gnu_mcu_eclipse/arm_embedded_gcc/8.2.1-1.4-20190214-0604/bin/../lib/gcc/arm-none-eabi/8.2.1/thumb/v7e-m+fp/hard/crtbegin.o
 .ARM.attributes
                0x0000000000000052       0x1c c:/tools/gnu_mcu_eclipse/arm_embedded_gcc/8.2.1-1.4-20190214-0604/bin/../lib/gcc/arm-none-eabi/8.2.1/../../../../arm-none-eabi/lib/thumb/v7e-m+fp/hard/crt0.o
 .ARM.attributes
                0x000000000000006e       0x20 _build/nrf52832_xxaa/gcc_startup_nrf52.S.o
 .ARM.attributes
                0x000000000000008e       0x34 _build/nrf52832_xxaa/nrf_log_backend_serial.c.o
 .ARM.attributes
                0x00000000000000c2       0x34 _build/nrf52832_xxaa/nrf_log_backend_uart.c.o
 .ARM.attributes
                0x00000000000000f6       0x34 _build/nrf52832_xxaa/nrf_log_default_backends.c.o
 .ARM.attributes
                0x000000000000012a       0x34 _build/nrf52832_xxaa/nrf_log_frontend.c.o
 .ARM.attributes
                0x000000000000015e       0x34 _build/nrf52832_xxaa/nrf_log_str_formatter.c.o
 .ARM.attributes
                0x0000000000000192       0x34 _build/nrf52832_xxaa/app_error.c.o
 .ARM.attributes
                0x00000000000001c6       0x34 _build/nrf52832_xxaa/app_error_weak.c.o
 .ARM.attributes
                0x00000000000001fa       0x34 _build/nrf52832_xxaa/app_util_platform.c.o
 .ARM.attributes
                0x000000000000022e       0x34 _build/nrf52832_xxaa/nrf_atomic.c.o
 .ARM.attributes
                0x0000000000000262       0x34 _build/nrf52832_xxaa/nrf_balloc.c.o
 .ARM.attributes
                0x0000000000000296       0x34 _build/nrf52832_xxaa/nrf_fprintf.c.o
 .ARM.attributes
                0x00000000000002ca       0x34 _build/nrf52832_xxaa/nrf_fprintf_format.c.o
 .ARM.attributes
                0x00000000000002fe       0x34 _build/nrf52832_xxaa/nrf_memobj.c.o
 .ARM.attributes
                0x0000000000000332       0x34 _build/nrf52832_xxaa/nrf_ringbuf.c.o
 .ARM.attributes
                0x0000000000000366       0x34 _build/nrf52832_xxaa/nrf_drv_twi.c.o
 .ARM.attributes
                0x000000000000039a       0x34 _build/nrf52832_xxaa/nrf_drv_uart.c.o
 .ARM.attributes
                0x00000000000003ce       0x34 _build/nrf52832_xxaa/nrfx_prs.c.o
 .ARM.attributes
                0x0000000000000402       0x34 _build/nrf52832_xxaa/nrfx_twim.c.o
 .ARM.attributes
                0x0000000000000436       0x34 _build/nrf52832_xxaa/nrfx_uart.c.o
 .ARM.attributes
                0x000000000000046a       0x34 _build/nrf52832_xxaa/nrfx_uarte.c.o
 .ARM.attributes
                0x000000000000049e       0x34 _build/nrf52832_xxaa/main.c.o
 .ARM.attributes
                0x00000000000004d2       0x34 _build/nrf52832_xxaa/system_nrf52.c.o
 .ARM.attributes
                0x0000000000000506       0x34 _build/nrf52832_xxaa/sensirion_hw_i2c_implementation.c.o
 .ARM.attributes
                0x000000000000053a       0x34 _build/nrf52832_xxaa/sensirion_common.c.o
 .ARM.attributes
                0x000000000000056e       0x39 _build/nrf52832_xxaa/sgp30_featureset.c.o
 .ARM.attributes
                0x00000000000005a7       0x39 _build/nrf52832_xxaa/sgp_git_version.c.o
 .ARM.attributes
                0x00000000000005e0       0x34 _build/nrf52832_xxaa/sgp30.c.o
 .ARM.attributes
                0x0000000000000614       0x32 c:/tools/gnu_mcu_eclipse/arm_embedded_gcc/8.2.1-1.4-20190214-0604/bin/../lib/gcc/arm-none-eabi/8.2.1/../../../../arm-none-eabi/lib/thumb/v7e-m+fp/hard\libc_nano.a(lib_a-ctype_.o)
 .ARM.attributes
                0x0000000000000646       0x34 c:/tools/gnu_mcu_eclipse/arm_embedded_gcc/8.2.1-1.4-20190214-0604/bin/../lib/gcc/arm-none-eabi/8.2.1/../../../../arm-none-eabi/lib/thumb/v7e-m+fp/hard\libc_nano.a(lib_a-exit.o)
 .ARM.attributes
                0x000000000000067a       0x32 c:/tools/gnu_mcu_eclipse/arm_embedded_gcc/8.2.1-1.4-20190214-0604/bin/../lib/gcc/arm-none-eabi/8.2.1/../../../../arm-none-eabi/lib/thumb/v7e-m+fp/hard\libc_nano.a(lib_a-impure.o)
 .ARM.attributes
                0x00000000000006ac       0x34 c:/tools/gnu_mcu_eclipse/arm_embedded_gcc/8.2.1-1.4-20190214-0604/bin/../lib/gcc/arm-none-eabi/8.2.1/../../../../arm-none-eabi/lib/thumb/v7e-m+fp/hard\libc_nano.a(lib_a-init.o)
 .ARM.attributes
                0x00000000000006e0       0x34 c:/tools/gnu_mcu_eclipse/arm_embedded_gcc/8.2.1-1.4-20190214-0604/bin/../lib/gcc/arm-none-eabi/8.2.1/../../../../arm-none-eabi/lib/thumb/v7e-m+fp/hard\libc_nano.a(lib_a-memcpy-stub.o)
 .ARM.attributes
                0x0000000000000714       0x34 c:/tools/gnu_mcu_eclipse/arm_embedded_gcc/8.2.1-1.4-20190214-0604/bin/../lib/gcc/arm-none-eabi/8.2.1/../../../../arm-none-eabi/lib/thumb/v7e-m+fp/hard\libc_nano.a(lib_a-memset.o)
 .ARM.attributes
                0x0000000000000748       0x17 c:/tools/gnu_mcu_eclipse/arm_embedded_gcc/8.2.1-1.4-20190214-0604/bin/../lib/gcc/arm-none-eabi/8.2.1/../../../../arm-none-eabi/lib/thumb/v7e-m+fp/hard\libc_nano.a(lib_a-strlen.o)
 .ARM.attributes
                0x000000000000075f       0x34 c:/tools/gnu_mcu_eclipse/arm_embedded_gcc/8.2.1-1.4-20190214-0604/bin/../lib/gcc/arm-none-eabi/8.2.1/../../../../arm-none-eabi/lib/thumb/v7e-m+fp/hard\libnosys.a(_exit.o)
 .ARM.attributes
                0x0000000000000793       0x32 c:/tools/gnu_mcu_eclipse/arm_embedded_gcc/8.2.1-1.4-20190214-0604/bin/../lib/gcc/arm-none-eabi/8.2.1/thumb/v7e-m+fp/hard/crtend.o
 .ARM.attributes
                0x00000000000007c5       0x1e c:/tools/gnu_mcu_eclipse/arm_embedded_gcc/8.2.1-1.4-20190214-0604/bin/../lib/gcc/arm-none-eabi/8.2.1/thumb/v7e-m+fp/hard/crtn.o

.comment        0x0000000000000000       0x68
 .comment       0x0000000000000000       0x68 _build/nrf52832_xxaa/nrf_log_backend_serial.c.o
                                         0x69 (size before relaxing)
 .comment       0x0000000000000068       0x69 _build/nrf52832_xxaa/nrf_log_backend_uart.c.o
 .comment       0x0000000000000068       0x69 _build/nrf52832_xxaa/nrf_log_default_backends.c.o
 .comment       0x0000000000000068       0x69 _build/nrf52832_xxaa/nrf_log_frontend.c.o
 .comment       0x0000000000000068       0x69 _build/nrf52832_xxaa/nrf_log_str_formatter.c.o
 .comment       0x0000000000000068       0x69 _build/nrf52832_xxaa/app_error.c.o
 .comment       0x0000000000000068       0x69 _build/nrf52832_xxaa/app_error_weak.c.o
 .comment       0x0000000000000068       0x69 _build/nrf52832_xxaa/app_util_platform.c.o
 .comment       0x0000000000000068       0x69 _build/nrf52832_xxaa/nrf_atomic.c.o
 .comment       0x0000000000000068       0x69 _build/nrf52832_xxaa/nrf_balloc.c.o
 .comment       0x0000000000000068       0x69 _build/nrf52832_xxaa/nrf_fprintf.c.o
 .comment       0x0000000000000068       0x69 _build/nrf52832_xxaa/nrf_fprintf_format.c.o
 .comment       0x0000000000000068       0x69 _build/nrf52832_xxaa/nrf_memobj.c.o
 .comment       0x0000000000000068       0x69 _build/nrf52832_xxaa/nrf_ringbuf.c.o
 .comment       0x0000000000000068       0x69 _build/nrf52832_xxaa/nrf_drv_twi.c.o
 .comment       0x0000000000000068       0x69 _build/nrf52832_xxaa/nrf_drv_uart.c.o
 .comment       0x0000000000000068       0x69 _build/nrf52832_xxaa/nrfx_prs.c.o
 .comment       0x0000000000000068       0x69 _build/nrf52832_xxaa/nrfx_twim.c.o
 .comment       0x0000000000000068       0x69 _build/nrf52832_xxaa/nrfx_uart.c.o
 .comment       0x0000000000000068       0x69 _build/nrf52832_xxaa/nrfx_uarte.c.o
 .comment       0x0000000000000068       0x69 _build/nrf52832_xxaa/main.c.o
 .comment       0x0000000000000068       0x69 _build/nrf52832_xxaa/system_nrf52.c.o
 .comment       0x0000000000000068       0x69 _build/nrf52832_xxaa/sensirion_hw_i2c_implementation.c.o
 .comment       0x0000000000000068       0x69 _build/nrf52832_xxaa/sensirion_common.c.o
 .comment       0x0000000000000068       0x69 _build/nrf52832_xxaa/sgp30_featureset.c.o
 .comment       0x0000000000000068       0x69 _build/nrf52832_xxaa/sgp_git_version.c.o
 .comment       0x0000000000000068       0x69 _build/nrf52832_xxaa/sgp30.c.o

.debug_line     0x0000000000000000    0x1a924
 .debug_line    0x0000000000000000       0xba _build/nrf52832_xxaa/gcc_startup_nrf52.S.o
 .debug_line    0x00000000000000ba      0xacb _build/nrf52832_xxaa/nrf_log_backend_serial.c.o
 .debug_line    0x0000000000000b85      0xf46 _build/nrf52832_xxaa/nrf_log_backend_uart.c.o
 .debug_line    0x0000000000001acb      0x97d _build/nrf52832_xxaa/nrf_log_default_backends.c.o
 .debug_line    0x0000000000002448     0x2dd0 _build/nrf52832_xxaa/nrf_log_frontend.c.o
 .debug_line    0x0000000000005218      0xbd5 _build/nrf52832_xxaa/nrf_log_str_formatter.c.o
 .debug_line    0x0000000000005ded      0x6a6 _build/nrf52832_xxaa/app_error.c.o
 .debug_line    0x0000000000006493      0xa85 _build/nrf52832_xxaa/app_error_weak.c.o
 .debug_line    0x0000000000006f18      0x76c _build/nrf52832_xxaa/app_util_platform.c.o
 .debug_line    0x0000000000007684      0x941 _build/nrf52832_xxaa/nrf_atomic.c.o
 .debug_line    0x0000000000007fc5      0xac3 _build/nrf52832_xxaa/nrf_balloc.c.o
 .debug_line    0x0000000000008a88      0x6b3 _build/nrf52832_xxaa/nrf_fprintf.c.o
 .debug_line    0x000000000000913b      0xf9f _build/nrf52832_xxaa/nrf_fprintf_format.c.o
 .debug_line    0x000000000000a0da      0xcc5 _build/nrf52832_xxaa/nrf_memobj.c.o
 .debug_line    0x000000000000ad9f      0xb32 _build/nrf52832_xxaa/nrf_ringbuf.c.o
 .debug_line    0x000000000000b8d1      0xd32 _build/nrf52832_xxaa/nrf_drv_twi.c.o
 .debug_line    0x000000000000c603      0xaa2 _build/nrf52832_xxaa/nrf_drv_uart.c.o
 .debug_line    0x000000000000d0a5      0xc26 _build/nrf52832_xxaa/nrfx_prs.c.o
 .debug_line    0x000000000000dccb     0x2b69 _build/nrf52832_xxaa/nrfx_twim.c.o
 .debug_line    0x0000000000010834     0x2175 _build/nrf52832_xxaa/nrfx_uart.c.o
 .debug_line    0x00000000000129a9     0x1e92 _build/nrf52832_xxaa/nrfx_uarte.c.o
 .debug_line    0x000000000001483b     0x134d _build/nrf52832_xxaa/main.c.o
 .debug_line    0x0000000000015b88      0x99a _build/nrf52832_xxaa/system_nrf52.c.o
 .debug_line    0x0000000000016522      0xb69 _build/nrf52832_xxaa/sensirion_hw_i2c_implementation.c.o
 .debug_line    0x000000000001708b     0x1b2b _build/nrf52832_xxaa/sensirion_common.c.o
 .debug_line    0x0000000000018bb6      0x278 _build/nrf52832_xxaa/sgp30_featureset.c.o
 .debug_line    0x0000000000018e2e       0x64 _build/nrf52832_xxaa/sgp_git_version.c.o
 .debug_line    0x0000000000018e92     0x1a92 _build/nrf52832_xxaa/sgp30.c.o

.debug_info     0x0000000000000000    0x2cc35
 .debug_info    0x0000000000000000       0x26 _build/nrf52832_xxaa/gcc_startup_nrf52.S.o
 .debug_info    0x0000000000000026     0x11fe _build/nrf52832_xxaa/nrf_log_backend_serial.c.o
 .debug_info    0x0000000000001224     0x1c4c _build/nrf52832_xxaa/nrf_log_backend_uart.c.o
 .debug_info    0x0000000000002e70      0xd48 _build/nrf52832_xxaa/nrf_log_default_backends.c.o
 .debug_info    0x0000000000003bb8     0x4a8f _build/nrf52832_xxaa/nrf_log_frontend.c.o
 .debug_info    0x0000000000008647     0x13d4 _build/nrf52832_xxaa/nrf_log_str_formatter.c.o
 .debug_info    0x0000000000009a1b      0xbac _build/nrf52832_xxaa/app_error.c.o
 .debug_info    0x000000000000a5c7      0xfd5 _build/nrf52832_xxaa/app_error_weak.c.o
 .debug_info    0x000000000000b59c     0x10d3 _build/nrf52832_xxaa/app_util_platform.c.o
 .debug_info    0x000000000000c66f     0x1434 _build/nrf52832_xxaa/nrf_atomic.c.o
 .debug_info    0x000000000000daa3      0xe40 _build/nrf52832_xxaa/nrf_balloc.c.o
 .debug_info    0x000000000000e8e3      0xb51 _build/nrf52832_xxaa/nrf_fprintf.c.o
 .debug_info    0x000000000000f434     0x1594 _build/nrf52832_xxaa/nrf_fprintf_format.c.o
 .debug_info    0x00000000000109c8     0x15c0 _build/nrf52832_xxaa/nrf_memobj.c.o
 .debug_info    0x0000000000011f88      0xf48 _build/nrf52832_xxaa/nrf_ringbuf.c.o
 .debug_info    0x0000000000012ed0     0x1f32 _build/nrf52832_xxaa/nrf_drv_twi.c.o
 .debug_info    0x0000000000014e02     0x1a96 _build/nrf52832_xxaa/nrf_drv_uart.c.o
 .debug_info    0x0000000000016898     0x11a6 _build/nrf52832_xxaa/nrfx_prs.c.o
 .debug_info    0x0000000000017a3e     0x4a0a _build/nrf52832_xxaa/nrfx_twim.c.o
 .debug_info    0x000000000001c448     0x4103 _build/nrf52832_xxaa/nrfx_uart.c.o
 .debug_info    0x000000000002054b     0x3d39 _build/nrf52832_xxaa/nrfx_uarte.c.o
 .debug_info    0x0000000000024284     0x1ecc _build/nrf52832_xxaa/main.c.o
 .debug_info    0x0000000000026150     0x1277 _build/nrf52832_xxaa/system_nrf52.c.o
 .debug_info    0x00000000000273c7     0x166f _build/nrf52832_xxaa/sensirion_hw_i2c_implementation.c.o
 .debug_info    0x0000000000028a36     0x187c _build/nrf52832_xxaa/sensirion_common.c.o
 .debug_info    0x000000000002a2b2      0x584 _build/nrf52832_xxaa/sgp30_featureset.c.o
 .debug_info    0x000000000002a836       0x4e _build/nrf52832_xxaa/sgp_git_version.c.o
 .debug_info    0x000000000002a884     0x23b1 _build/nrf52832_xxaa/sgp30.c.o

.debug_abbrev   0x0000000000000000     0x5de2
 .debug_abbrev  0x0000000000000000       0x14 _build/nrf52832_xxaa/gcc_startup_nrf52.S.o
 .debug_abbrev  0x0000000000000014      0x2bd _build/nrf52832_xxaa/nrf_log_backend_serial.c.o
 .debug_abbrev  0x00000000000002d1      0x41d _build/nrf52832_xxaa/nrf_log_backend_uart.c.o
 .debug_abbrev  0x00000000000006ee      0x294 _build/nrf52832_xxaa/nrf_log_default_backends.c.o
 .debug_abbrev  0x0000000000000982      0x624 _build/nrf52832_xxaa/nrf_log_frontend.c.o
 .debug_abbrev  0x0000000000000fa6      0x320 _build/nrf52832_xxaa/nrf_log_str_formatter.c.o
 .debug_abbrev  0x00000000000012c6      0x276 _build/nrf52832_xxaa/app_error.c.o
 .debug_abbrev  0x000000000000153c      0x2e9 _build/nrf52832_xxaa/app_error_weak.c.o
 .debug_abbrev  0x0000000000001825      0x388 _build/nrf52832_xxaa/app_util_platform.c.o
 .debug_abbrev  0x0000000000001bad      0x378 _build/nrf52832_xxaa/nrf_atomic.c.o
 .debug_abbrev  0x0000000000001f25      0x343 _build/nrf52832_xxaa/nrf_balloc.c.o
 .debug_abbrev  0x0000000000002268      0x27d _build/nrf52832_xxaa/nrf_fprintf.c.o
 .debug_abbrev  0x00000000000024e5      0x3a2 _build/nrf52832_xxaa/nrf_fprintf_format.c.o
 .debug_abbrev  0x0000000000002887      0x39e _build/nrf52832_xxaa/nrf_memobj.c.o
 .debug_abbrev  0x0000000000002c25      0x2a1 _build/nrf52832_xxaa/nrf_ringbuf.c.o
 .debug_abbrev  0x0000000000002ec6      0x456 _build/nrf52832_xxaa/nrf_drv_twi.c.o
 .debug_abbrev  0x000000000000331c      0x2da _build/nrf52832_xxaa/nrf_drv_uart.c.o
 .debug_abbrev  0x00000000000035f6      0x36f _build/nrf52832_xxaa/nrfx_prs.c.o
 .debug_abbrev  0x0000000000003965      0x58d _build/nrf52832_xxaa/nrfx_twim.c.o
 .debug_abbrev  0x0000000000003ef2      0x585 _build/nrf52832_xxaa/nrfx_uart.c.o
 .debug_abbrev  0x0000000000004477      0x558 _build/nrf52832_xxaa/nrfx_uarte.c.o
 .debug_abbrev  0x00000000000049cf      0x43d _build/nrf52832_xxaa/main.c.o
 .debug_abbrev  0x0000000000004e0c      0x226 _build/nrf52832_xxaa/system_nrf52.c.o
 .debug_abbrev  0x0000000000005032      0x3cb _build/nrf52832_xxaa/sensirion_hw_i2c_implementation.c.o
 .debug_abbrev  0x00000000000053fd      0x399 _build/nrf52832_xxaa/sensirion_common.c.o
 .debug_abbrev  0x0000000000005796       0xd0 _build/nrf52832_xxaa/sgp30_featureset.c.o
 .debug_abbrev  0x0000000000005866       0x50 _build/nrf52832_xxaa/sgp_git_version.c.o
 .debug_abbrev  0x00000000000058b6      0x52c _build/nrf52832_xxaa/sgp30.c.o

.debug_aranges  0x0000000000000000      0x7d8
 .debug_aranges
                0x0000000000000000       0x20 _build/nrf52832_xxaa/gcc_startup_nrf52.S.o
 .debug_aranges
                0x0000000000000020       0x20 _build/nrf52832_xxaa/nrf_log_backend_serial.c.o
 .debug_aranges
                0x0000000000000040       0x48 _build/nrf52832_xxaa/nrf_log_backend_uart.c.o
 .debug_aranges
                0x0000000000000088       0x20 _build/nrf52832_xxaa/nrf_log_default_backends.c.o
 .debug_aranges
                0x00000000000000a8       0xb8 _build/nrf52832_xxaa/nrf_log_frontend.c.o
 .debug_aranges
                0x0000000000000160       0x38 _build/nrf52832_xxaa/nrf_log_str_formatter.c.o
 .debug_aranges
                0x0000000000000198       0x28 _build/nrf52832_xxaa/app_error.c.o
 .debug_aranges
                0x00000000000001c0       0x20 _build/nrf52832_xxaa/app_error_weak.c.o
 .debug_aranges
                0x00000000000001e0       0x48 _build/nrf52832_xxaa/app_util_platform.c.o
 .debug_aranges
                0x0000000000000228       0xb0 _build/nrf52832_xxaa/nrf_atomic.c.o
 .debug_aranges
                0x00000000000002d8       0x30 _build/nrf52832_xxaa/nrf_balloc.c.o
 .debug_aranges
                0x0000000000000308       0x28 _build/nrf52832_xxaa/nrf_fprintf.c.o
 .debug_aranges
                0x0000000000000330       0x28 _build/nrf52832_xxaa/nrf_fprintf_format.c.o
 .debug_aranges
                0x0000000000000358       0x50 _build/nrf52832_xxaa/nrf_memobj.c.o
 .debug_aranges
                0x00000000000003a8       0x50 _build/nrf52832_xxaa/nrf_ringbuf.c.o
 .debug_aranges
                0x00000000000003f8       0x28 _build/nrf52832_xxaa/nrf_drv_twi.c.o
 .debug_aranges
                0x0000000000000420       0x30 _build/nrf52832_xxaa/nrf_drv_uart.c.o
 .debug_aranges
                0x0000000000000450       0x30 _build/nrf52832_xxaa/nrfx_prs.c.o
 .debug_aranges
                0x0000000000000480       0x78 _build/nrf52832_xxaa/nrfx_twim.c.o
 .debug_aranges
                0x00000000000004f8       0x78 _build/nrf52832_xxaa/nrfx_uart.c.o
 .debug_aranges
                0x0000000000000570       0x68 _build/nrf52832_xxaa/nrfx_uarte.c.o
 .debug_aranges
                0x00000000000005d8       0x30 _build/nrf52832_xxaa/main.c.o
 .debug_aranges
                0x0000000000000608       0x28 _build/nrf52832_xxaa/system_nrf52.c.o
 .debug_aranges
                0x0000000000000630       0x40 _build/nrf52832_xxaa/sensirion_hw_i2c_implementation.c.o
 .debug_aranges
                0x0000000000000670       0x60 _build/nrf52832_xxaa/sensirion_common.c.o
 .debug_aranges
                0x00000000000006d0       0x18 _build/nrf52832_xxaa/sgp30_featureset.c.o
 .debug_aranges
                0x00000000000006e8       0x18 _build/nrf52832_xxaa/sgp_git_version.c.o
 .debug_aranges
                0x0000000000000700       0xd8 _build/nrf52832_xxaa/sgp30.c.o

.debug_str      0x0000000000000000    0x7cf7b
 .debug_str     0x0000000000000000       0xe5 _build/nrf52832_xxaa/gcc_startup_nrf52.S.o
 .debug_str     0x00000000000000e5    0x6db60 _build/nrf52832_xxaa/nrf_log_backend_serial.c.o
                                      0x6eb78 (size before relaxing)
 .debug_str     0x000000000006dc45     0x42f9 _build/nrf52832_xxaa/nrf_log_backend_uart.c.o
                                      0x72982 (size before relaxing)
 .debug_str     0x0000000000071f3e      0x150 _build/nrf52832_xxaa/nrf_log_default_backends.c.o
                                      0x6e92f (size before relaxing)
 .debug_str     0x000000000007208e     0x139a _build/nrf52832_xxaa/nrf_log_frontend.c.o
                                      0x6fdda (size before relaxing)
 .debug_str     0x0000000000073428      0x6d2 _build/nrf52832_xxaa/nrf_log_str_formatter.c.o
                                      0x6f09a (size before relaxing)
 .debug_str     0x0000000000073afa      0x128 _build/nrf52832_xxaa/app_error.c.o
                                      0x60a78 (size before relaxing)
 .debug_str     0x0000000000073c22      0x10d _build/nrf52832_xxaa/app_error_weak.c.o
                                      0x6eff8 (size before relaxing)
 .debug_str     0x0000000000073d2f      0x3db _build/nrf52832_xxaa/app_util_platform.c.o
                                      0x6126a (size before relaxing)
 .debug_str     0x000000000007410a      0x6ed _build/nrf52832_xxaa/nrf_atomic.c.o
                                      0x6aa39 (size before relaxing)
 .debug_str     0x00000000000747f7      0x198 _build/nrf52832_xxaa/nrf_balloc.c.o
                                      0x6e988 (size before relaxing)
 .debug_str     0x000000000007498f      0x178 _build/nrf52832_xxaa/nrf_fprintf.c.o
                                      0x6a692 (size before relaxing)
 .debug_str     0x0000000000074b07      0x151 _build/nrf52832_xxaa/nrf_fprintf_format.c.o
                                      0x6a787 (size before relaxing)
 .debug_str     0x0000000000074c58      0x1e0 _build/nrf52832_xxaa/nrf_memobj.c.o
                                      0x6cd4c (size before relaxing)
 .debug_str     0x0000000000074e38      0x116 _build/nrf52832_xxaa/nrf_ringbuf.c.o
                                      0x6b43e (size before relaxing)
 .debug_str     0x0000000000074f4e     0x1b6f _build/nrf52832_xxaa/nrf_drv_twi.c.o
                                      0x6fa37 (size before relaxing)
 .debug_str     0x0000000000076abd      0x485 _build/nrf52832_xxaa/nrf_drv_uart.c.o
                                      0x6f195 (size before relaxing)
 .debug_str     0x0000000000076f42      0x671 _build/nrf52832_xxaa/nrfx_prs.c.o
                                      0x713b8 (size before relaxing)
 .debug_str     0x00000000000775b3     0x114f _build/nrf52832_xxaa/nrfx_twim.c.o
                                      0x72e2b (size before relaxing)
 .debug_str     0x0000000000078702      0x701 _build/nrf52832_xxaa/nrfx_uart.c.o
                                      0x72552 (size before relaxing)
 .debug_str     0x0000000000078e03      0x986 _build/nrf52832_xxaa/nrfx_uarte.c.o
                                      0x729e6 (size before relaxing)
 .debug_str     0x0000000000079789     0x23d5 _build/nrf52832_xxaa/main.c.o
                                      0x75a09 (size before relaxing)
 .debug_str     0x000000000007bb5e      0x478 _build/nrf52832_xxaa/system_nrf52.c.o
                                      0x5c587 (size before relaxing)
 .debug_str     0x000000000007bfd6       0xf7 _build/nrf52832_xxaa/sensirion_hw_i2c_implementation.c.o
                                      0x6f1fd (size before relaxing)
 .debug_str     0x000000000007c0cd      0x179 _build/nrf52832_xxaa/sensirion_common.c.o
                                      0x6f19d (size before relaxing)
 .debug_str     0x000000000007c246      0x7c7 _build/nrf52832_xxaa/sgp30_featureset.c.o
                                       0x47d6 (size before relaxing)
 .debug_str     0x000000000007ca0d       0x52 _build/nrf52832_xxaa/sgp_git_version.c.o
                                       0x2ea8 (size before relaxing)
 .debug_str     0x000000000007ca5f      0x51c _build/nrf52832_xxaa/sgp30.c.o
                                      0x6fbf7 (size before relaxing)

.debug_loc      0x0000000000000000    0x15654
 .debug_loc     0x0000000000000000      0x1a3 _build/nrf52832_xxaa/nrf_log_backend_serial.c.o
 .debug_loc     0x00000000000001a3      0x334 _build/nrf52832_xxaa/nrf_log_backend_uart.c.o
 .debug_loc     0x00000000000004d7       0x17 _build/nrf52832_xxaa/nrf_log_default_backends.c.o
 .debug_loc     0x00000000000004ee     0x5769 _build/nrf52832_xxaa/nrf_log_frontend.c.o
 .debug_loc     0x0000000000005c57      0x486 _build/nrf52832_xxaa/nrf_log_str_formatter.c.o
 .debug_loc     0x00000000000060dd       0xc9 _build/nrf52832_xxaa/app_error.c.o
 .debug_loc     0x00000000000061a6       0x6f _build/nrf52832_xxaa/app_error_weak.c.o
 .debug_loc     0x0000000000006215      0x11a _build/nrf52832_xxaa/app_util_platform.c.o
 .debug_loc     0x000000000000632f      0x5c9 _build/nrf52832_xxaa/nrf_atomic.c.o
 .debug_loc     0x00000000000068f8      0x285 _build/nrf52832_xxaa/nrf_balloc.c.o
 .debug_loc     0x0000000000006b7d       0x54 _build/nrf52832_xxaa/nrf_fprintf.c.o
 .debug_loc     0x0000000000006bd1     0x141b _build/nrf52832_xxaa/nrf_fprintf_format.c.o
 .debug_loc     0x0000000000007fec      0xebd _build/nrf52832_xxaa/nrf_memobj.c.o
 .debug_loc     0x0000000000008ea9      0x6d4 _build/nrf52832_xxaa/nrf_ringbuf.c.o
 .debug_loc     0x000000000000957d      0x59b _build/nrf52832_xxaa/nrf_drv_twi.c.o
 .debug_loc     0x0000000000009b18      0x1e6 _build/nrf52832_xxaa/nrf_drv_uart.c.o
 .debug_loc     0x0000000000009cfe      0x11e _build/nrf52832_xxaa/nrfx_prs.c.o
 .debug_loc     0x0000000000009e1c     0x3157 _build/nrf52832_xxaa/nrfx_twim.c.o
 .debug_loc     0x000000000000cf73     0x208a _build/nrf52832_xxaa/nrfx_uart.c.o
 .debug_loc     0x000000000000effd     0x1c91 _build/nrf52832_xxaa/nrfx_uarte.c.o
 .debug_loc     0x0000000000010c8e      0x33b _build/nrf52832_xxaa/main.c.o
 .debug_loc     0x0000000000010fc9      0x394 _build/nrf52832_xxaa/sensirion_hw_i2c_implementation.c.o
 .debug_loc     0x000000000001135d     0x2679 _build/nrf52832_xxaa/sensirion_common.c.o
 .debug_loc     0x00000000000139d6     0x1c7e _build/nrf52832_xxaa/sgp30.c.o

.debug_ranges   0x0000000000000000     0x3eb0
 .debug_ranges  0x0000000000000000       0x28 _build/nrf52832_xxaa/nrf_log_backend_serial.c.o
 .debug_ranges  0x0000000000000028      0x110 _build/nrf52832_xxaa/nrf_log_backend_uart.c.o
 .debug_ranges  0x0000000000000138       0x10 _build/nrf52832_xxaa/nrf_log_default_backends.c.o
 .debug_ranges  0x0000000000000148      0xca0 _build/nrf52832_xxaa/nrf_log_frontend.c.o
 .debug_ranges  0x0000000000000de8       0xa8 _build/nrf52832_xxaa/nrf_log_str_formatter.c.o
 .debug_ranges  0x0000000000000e90       0x18 _build/nrf52832_xxaa/app_error.c.o
 .debug_ranges  0x0000000000000ea8       0x28 _build/nrf52832_xxaa/app_error_weak.c.o
 .debug_ranges  0x0000000000000ed0       0x50 _build/nrf52832_xxaa/app_util_platform.c.o
 .debug_ranges  0x0000000000000f20       0xd8 _build/nrf52832_xxaa/nrf_atomic.c.o
 .debug_ranges  0x0000000000000ff8       0x40 _build/nrf52832_xxaa/nrf_balloc.c.o
 .debug_ranges  0x0000000000001038       0x18 _build/nrf52832_xxaa/nrf_fprintf.c.o
 .debug_ranges  0x0000000000001050      0x3c8 _build/nrf52832_xxaa/nrf_fprintf_format.c.o
 .debug_ranges  0x0000000000001418       0xb8 _build/nrf52832_xxaa/nrf_memobj.c.o
 .debug_ranges  0x00000000000014d0       0x40 _build/nrf52832_xxaa/nrf_ringbuf.c.o
 .debug_ranges  0x0000000000001510      0x1b8 _build/nrf52832_xxaa/nrf_drv_twi.c.o
 .debug_ranges  0x00000000000016c8       0x20 _build/nrf52832_xxaa/nrf_drv_uart.c.o
 .debug_ranges  0x00000000000016e8       0x50 _build/nrf52832_xxaa/nrfx_prs.c.o
 .debug_ranges  0x0000000000001738      0xb80 _build/nrf52832_xxaa/nrfx_twim.c.o
 .debug_ranges  0x00000000000022b8      0x8a0 _build/nrf52832_xxaa/nrfx_uart.c.o
 .debug_ranges  0x0000000000002b58      0x790 _build/nrf52832_xxaa/nrfx_uarte.c.o
 .debug_ranges  0x00000000000032e8       0xb0 _build/nrf52832_xxaa/main.c.o
 .debug_ranges  0x0000000000003398      0x208 _build/nrf52832_xxaa/system_nrf52.c.o
 .debug_ranges  0x00000000000035a0       0x60 _build/nrf52832_xxaa/sensirion_hw_i2c_implementation.c.o
 .debug_ranges  0x0000000000003600      0x258 _build/nrf52832_xxaa/sensirion_common.c.o
 .debug_ranges  0x0000000000003858      0x658 _build/nrf52832_xxaa/sgp30.c.o

.debug_macro    0x0000000000000000     0x73da
 .debug_macro   0x0000000000000000      0x371 _build/nrf52832_xxaa/nrf_log_backend_serial.c.o
 .debug_macro   0x0000000000000371       0x16 _build/nrf52832_xxaa/nrf_log_backend_serial.c.o
 .debug_macro   0x0000000000000387       0x22 _build/nrf52832_xxaa/nrf_log_backend_serial.c.o
 .debug_macro   0x00000000000003a9       0x1c _build/nrf52832_xxaa/nrf_log_backend_serial.c.o
 .debug_macro   0x00000000000003c5       0x10 _build/nrf52832_xxaa/nrf_log_backend_serial.c.o
 .debug_macro   0x00000000000003d5       0x10 _build/nrf52832_xxaa/nrf_log_backend_serial.c.o
 .debug_macro   0x00000000000003e5       0xb6 _build/nrf52832_xxaa/nrf_log_backend_serial.c.o
 .debug_macro   0x000000000000049b       0x16 _build/nrf52832_xxaa/nrf_log_backend_serial.c.o
 .debug_macro   0x00000000000004b1      0x129 _build/nrf52832_xxaa/nrf_log_backend_serial.c.o
 .debug_macro   0x00000000000005da       0x49 _build/nrf52832_xxaa/nrf_log_backend_serial.c.o
 .debug_macro   0x0000000000000623       0x8c _build/nrf52832_xxaa/nrf_log_backend_serial.c.o
 .debug_macro   0x00000000000006af       0x31 _build/nrf52832_xxaa/nrf_log_backend_serial.c.o
 .debug_macro   0x00000000000006e0       0x55 _build/nrf52832_xxaa/nrf_log_backend_serial.c.o
 .debug_macro   0x0000000000000735       0x98 _build/nrf52832_xxaa/nrf_log_backend_serial.c.o
 .debug_macro   0x00000000000007cd       0x10 _build/nrf52832_xxaa/nrf_log_backend_serial.c.o
 .debug_macro   0x00000000000007dd       0x1d _build/nrf52832_xxaa/nrf_log_backend_serial.c.o
 .debug_macro   0x00000000000007fa       0x2e _build/nrf52832_xxaa/nrf_log_backend_serial.c.o
 .debug_macro   0x0000000000000828       0x1c _build/nrf52832_xxaa/nrf_log_backend_serial.c.o
 .debug_macro   0x0000000000000844      0x185 _build/nrf52832_xxaa/nrf_log_backend_serial.c.o
 .debug_macro   0x00000000000009c9      0x454 _build/nrf52832_xxaa/nrf_log_backend_uart.c.o
 .debug_macro   0x0000000000000e1d      0x3b1 _build/nrf52832_xxaa/nrf_log_backend_uart.c.o
 .debug_macro   0x00000000000011ce       0x52 _build/nrf52832_xxaa/nrf_log_backend_uart.c.o
 .debug_macro   0x0000000000001220      0x25d _build/nrf52832_xxaa/nrf_log_backend_uart.c.o
 .debug_macro   0x000000000000147d      0x125 _build/nrf52832_xxaa/nrf_log_backend_uart.c.o
 .debug_macro   0x00000000000015a2       0x5a _build/nrf52832_xxaa/nrf_log_backend_uart.c.o
 .debug_macro   0x00000000000015fc       0x1d _build/nrf52832_xxaa/nrf_log_backend_uart.c.o
 .debug_macro   0x0000000000001619       0xac _build/nrf52832_xxaa/nrf_log_backend_uart.c.o
 .debug_macro   0x00000000000016c5       0x64 _build/nrf52832_xxaa/nrf_log_backend_uart.c.o
 .debug_macro   0x0000000000001729       0x20 _build/nrf52832_xxaa/nrf_log_backend_uart.c.o
 .debug_macro   0x0000000000001749       0x10 _build/nrf52832_xxaa/nrf_log_backend_uart.c.o
 .debug_macro   0x0000000000001759       0x10 _build/nrf52832_xxaa/nrf_log_backend_uart.c.o
 .debug_macro   0x0000000000001769       0x10 _build/nrf52832_xxaa/nrf_log_backend_uart.c.o
 .debug_macro   0x0000000000001779       0x10 _build/nrf52832_xxaa/nrf_log_backend_uart.c.o
 .debug_macro   0x0000000000001789       0x10 _build/nrf52832_xxaa/nrf_log_backend_uart.c.o
 .debug_macro   0x0000000000001799       0x3f _build/nrf52832_xxaa/nrf_log_backend_uart.c.o
 .debug_macro   0x00000000000017d8      0x362 _build/nrf52832_xxaa/nrf_log_default_backends.c.o
 .debug_macro   0x0000000000001b3a       0x10 _build/nrf52832_xxaa/nrf_log_default_backends.c.o
 .debug_macro   0x0000000000001b4a      0x3e3 _build/nrf52832_xxaa/nrf_log_frontend.c.o
 .debug_macro   0x0000000000001f2d       0x16 _build/nrf52832_xxaa/nrf_log_frontend.c.o
 .debug_macro   0x0000000000001f43       0x9a _build/nrf52832_xxaa/nrf_log_frontend.c.o
 .debug_macro   0x0000000000001fdd       0x9e _build/nrf52832_xxaa/nrf_log_frontend.c.o
 .debug_macro   0x000000000000207b      0x3b3 _build/nrf52832_xxaa/nrf_log_str_formatter.c.o
 .debug_macro   0x000000000000242e       0xa2 _build/nrf52832_xxaa/nrf_log_str_formatter.c.o
 .debug_macro   0x00000000000024d0      0x21f _build/nrf52832_xxaa/app_error.c.o
 .debug_macro   0x00000000000026ef       0x35 _build/nrf52832_xxaa/app_error.c.o
 .debug_macro   0x0000000000002724       0x97 _build/nrf52832_xxaa/app_error.c.o
 .debug_macro   0x00000000000027bb       0xf6 _build/nrf52832_xxaa/app_error.c.o
 .debug_macro   0x00000000000028b1      0x361 _build/nrf52832_xxaa/app_error_weak.c.o
 .debug_macro   0x0000000000002c12       0x16 _build/nrf52832_xxaa/app_error_weak.c.o
 .debug_macro   0x0000000000002c28       0x92 _build/nrf52832_xxaa/app_error_weak.c.o
 .debug_macro   0x0000000000002cba      0x235 _build/nrf52832_xxaa/app_util_platform.c.o
 .debug_macro   0x0000000000002eef      0x223 _build/nrf52832_xxaa/nrf_atomic.c.o
 .debug_macro   0x0000000000003112       0x42 _build/nrf52832_xxaa/nrf_atomic.c.o
 .debug_macro   0x0000000000003154      0x326 _build/nrf52832_xxaa/nrf_balloc.c.o
 .debug_macro   0x000000000000347a       0x10 _build/nrf52832_xxaa/nrf_balloc.c.o
 .debug_macro   0x000000000000348a      0x22f _build/nrf52832_xxaa/nrf_fprintf.c.o
 .debug_macro   0x00000000000036b9       0x58 _build/nrf52832_xxaa/nrf_fprintf.c.o
 .debug_macro   0x0000000000003711      0x241 _build/nrf52832_xxaa/nrf_fprintf_format.c.o
 .debug_macro   0x0000000000003952      0x309 _build/nrf52832_xxaa/nrf_memobj.c.o
 .debug_macro   0x0000000000003c5b      0x10e _build/nrf52832_xxaa/nrf_memobj.c.o
 .debug_macro   0x0000000000003d69       0x86 _build/nrf52832_xxaa/nrf_memobj.c.o
 .debug_macro   0x0000000000003def       0x54 _build/nrf52832_xxaa/nrf_memobj.c.o
 .debug_macro   0x0000000000003e43      0x2b8 _build/nrf52832_xxaa/nrf_ringbuf.c.o
 .debug_macro   0x00000000000040fb      0x390 _build/nrf52832_xxaa/nrf_drv_twi.c.o
 .debug_macro   0x000000000000448b       0x50 _build/nrf52832_xxaa/nrf_drv_twi.c.o
 .debug_macro   0x00000000000044db       0x38 _build/nrf52832_xxaa/nrf_drv_twi.c.o
 .debug_macro   0x0000000000004513       0x7f _build/nrf52832_xxaa/nrf_drv_twi.c.o
 .debug_macro   0x0000000000004592       0x10 _build/nrf52832_xxaa/nrf_drv_twi.c.o
 .debug_macro   0x00000000000045a2       0x1c _build/nrf52832_xxaa/nrf_drv_twi.c.o
 .debug_macro   0x00000000000045be      0x363 _build/nrf52832_xxaa/nrf_drv_uart.c.o
 .debug_macro   0x0000000000004921      0x3d0 _build/nrf52832_xxaa/nrfx_prs.c.o
 .debug_macro   0x0000000000004cf1       0x28 _build/nrf52832_xxaa/nrfx_prs.c.o
 .debug_macro   0x0000000000004d19       0x1c _build/nrf52832_xxaa/nrfx_prs.c.o
 .debug_macro   0x0000000000004d35       0x37 _build/nrf52832_xxaa/nrfx_prs.c.o
 .debug_macro   0x0000000000004d6c      0x17f _build/nrf52832_xxaa/nrfx_prs.c.o
 .debug_macro   0x0000000000004eeb       0x42 _build/nrf52832_xxaa/nrfx_prs.c.o
 .debug_macro   0x0000000000004f2d      0x41c _build/nrf52832_xxaa/nrfx_twim.c.o
 .debug_macro   0x0000000000005349      0x3eb _build/nrf52832_xxaa/nrfx_uart.c.o
 .debug_macro   0x0000000000005734      0x409 _build/nrf52832_xxaa/nrfx_uarte.c.o
 .debug_macro   0x0000000000005b3d      0x4d0 _build/nrf52832_xxaa/main.c.o
 .debug_macro   0x000000000000600d       0x5e _build/nrf52832_xxaa/main.c.o
 .debug_macro   0x000000000000606b       0x5c _build/nrf52832_xxaa/main.c.o
 .debug_macro   0x00000000000060c7       0x57 _build/nrf52832_xxaa/main.c.o
 .debug_macro   0x000000000000611e       0x10 _build/nrf52832_xxaa/main.c.o
 .debug_macro   0x000000000000612e       0x16 _build/nrf52832_xxaa/main.c.o
 .debug_macro   0x0000000000006144       0x58 _build/nrf52832_xxaa/main.c.o
 .debug_macro   0x000000000000619c       0x16 _build/nrf52832_xxaa/main.c.o
 .debug_macro   0x00000000000061b2      0x4fe _build/nrf52832_xxaa/main.c.o
 .debug_macro   0x00000000000066b0       0xf1 _build/nrf52832_xxaa/system_nrf52.c.o
 .debug_macro   0x00000000000067a1      0x383 _build/nrf52832_xxaa/sensirion_hw_i2c_implementation.c.o
 .debug_macro   0x0000000000006b24      0x370 _build/nrf52832_xxaa/sensirion_common.c.o
 .debug_macro   0x0000000000006e94       0x9c _build/nrf52832_xxaa/sgp30_featureset.c.o
 .debug_macro   0x0000000000006f30       0x10 _build/nrf52832_xxaa/sgp30_featureset.c.o
 .debug_macro   0x0000000000006f40       0x5e _build/nrf52832_xxaa/sgp30_featureset.c.o
 .debug_macro   0x0000000000006f9e       0x46 _build/nrf52832_xxaa/sgp30_featureset.c.o
 .debug_macro   0x0000000000006fe4       0x1b _build/nrf52832_xxaa/sgp_git_version.c.o
 .debug_macro   0x0000000000006fff      0x3db _build/nrf52832_xxaa/sgp30.c.o

.debug_frame    0x0000000000000000     0x1710
 .debug_frame   0x0000000000000000       0x40 _build/nrf52832_xxaa/nrf_log_backend_serial.c.o
 .debug_frame   0x0000000000000040       0xb8 _build/nrf52832_xxaa/nrf_log_backend_uart.c.o
 .debug_frame   0x00000000000000f8       0x28 _build/nrf52832_xxaa/nrf_log_default_backends.c.o
 .debug_frame   0x0000000000000120      0x314 _build/nrf52832_xxaa/nrf_log_frontend.c.o
 .debug_frame   0x0000000000000434       0xac _build/nrf52832_xxaa/nrf_log_str_formatter.c.o
 .debug_frame   0x00000000000004e0       0x54 _build/nrf52832_xxaa/app_error.c.o
 .debug_frame   0x0000000000000534       0x28 _build/nrf52832_xxaa/app_error_weak.c.o
 .debug_frame   0x000000000000055c       0x70 _build/nrf52832_xxaa/app_util_platform.c.o
 .debug_frame   0x00000000000005cc      0x150 _build/nrf52832_xxaa/nrf_atomic.c.o
 .debug_frame   0x000000000000071c       0x6c _build/nrf52832_xxaa/nrf_balloc.c.o
 .debug_frame   0x0000000000000788       0x5c _build/nrf52832_xxaa/nrf_fprintf.c.o
 .debug_frame   0x00000000000007e4       0xa8 _build/nrf52832_xxaa/nrf_fprintf_format.c.o
 .debug_frame   0x000000000000088c       0xe8 _build/nrf52832_xxaa/nrf_memobj.c.o
 .debug_frame   0x0000000000000974       0xdc _build/nrf52832_xxaa/nrf_ringbuf.c.o
 .debug_frame   0x0000000000000a50       0x6c _build/nrf52832_xxaa/nrf_drv_twi.c.o
 .debug_frame   0x0000000000000abc       0x7c _build/nrf52832_xxaa/nrf_drv_uart.c.o
 .debug_frame   0x0000000000000b38       0x4c _build/nrf52832_xxaa/nrfx_prs.c.o
 .debug_frame   0x0000000000000b84      0x1e0 _build/nrf52832_xxaa/nrfx_twim.c.o
 .debug_frame   0x0000000000000d64      0x188 _build/nrf52832_xxaa/nrfx_uart.c.o
 .debug_frame   0x0000000000000eec      0x194 _build/nrf52832_xxaa/nrfx_uarte.c.o
 .debug_frame   0x0000000000001080       0x84 _build/nrf52832_xxaa/main.c.o
 .debug_frame   0x0000000000001104       0x40 _build/nrf52832_xxaa/system_nrf52.c.o
 .debug_frame   0x0000000000001144       0x78 _build/nrf52832_xxaa/sensirion_hw_i2c_implementation.c.o
 .debug_frame   0x00000000000011bc      0x154 _build/nrf52832_xxaa/sensirion_common.c.o
 .debug_frame   0x0000000000001310      0x344 _build/nrf52832_xxaa/sgp30.c.o
 .debug_frame   0x0000000000001654       0x28 c:/tools/gnu_mcu_eclipse/arm_embedded_gcc/8.2.1-1.4-20190214-0604/bin/../lib/gcc/arm-none-eabi/8.2.1/../../../../arm-none-eabi/lib/thumb/v7e-m+fp/hard\libc_nano.a(lib_a-exit.o)
 .debug_frame   0x000000000000167c       0x2c c:/tools/gnu_mcu_eclipse/arm_embedded_gcc/8.2.1-1.4-20190214-0604/bin/../lib/gcc/arm-none-eabi/8.2.1/../../../../arm-none-eabi/lib/thumb/v7e-m+fp/hard\libc_nano.a(lib_a-init.o)
 .debug_frame   0x00000000000016a8       0x28 c:/tools/gnu_mcu_eclipse/arm_embedded_gcc/8.2.1-1.4-20190214-0604/bin/../lib/gcc/arm-none-eabi/8.2.1/../../../../arm-none-eabi/lib/thumb/v7e-m+fp/hard\libc_nano.a(lib_a-memcpy-stub.o)
 .debug_frame   0x00000000000016d0       0x20 c:/tools/gnu_mcu_eclipse/arm_embedded_gcc/8.2.1-1.4-20190214-0604/bin/../lib/gcc/arm-none-eabi/8.2.1/../../../../arm-none-eabi/lib/thumb/v7e-m+fp/hard\libc_nano.a(lib_a-memset.o)
 .debug_frame   0x00000000000016f0       0x20 c:/tools/gnu_mcu_eclipse/arm_embedded_gcc/8.2.1-1.4-20190214-0604/bin/../lib/gcc/arm-none-eabi/8.2.1/../../../../arm-none-eabi/lib/thumb/v7e-m+fp/hard\libnosys.a(_exit.o)
